[Licensing::Module] Trying to connect to existing licensing client channel...
Built from '6000.5/staging' branch; Version is '6000.5.3f1 (c2eb47b3a2a9) revision 12774215'; Using compiler version '194234433'; Build Type 'Release'
[Licensing::IpcConnector] Successfully connected to: "LicenseClient-chris" at "2026-09-29T13:57:01.1709255Z"
OS: 'Windows 10  (10.0.19045) 64bit Core' Language: 'en' Physical Memory: 16327 MB
BatchMode: 1, IsHumanControllingUs: 0, StartBugReporterOnCrash: 0, Is64bit: 1
System  architecture: x64
Process architecture: x64
Date: 2026-09-29T13:57:01Z
[Licensing::Client] Code 10 while verifying Licensing Client signature (process Id: 7300, path: "E:/GameDev/Unity Hub/UnityLicensingClient_V1/Unity.Licensing.Client.exe")
[Licensing::Module] LicensingClient has failed validation; ignoring
[Licensing::Client] Handshaking with LicensingClient:
  Version:                 1.18.3+d7ffd15
  Session Id:              6c1f9321bca248b7b66ea01f44a73cb2
  Correlation Id:          b991c8292f78d843239c01e0e6819bd8
  External correlation Id: 3266786968489336274
  Machine Id:              WXSgid/lQLWLU51Pca5QpCbvdn4=
[Licensing::Module] Successfully connected to LicensingClient on channel: "LicenseClient-chris" (connect: 0.00s, validation: 0.00s, handshake: 0.06s)
[Licensing::IpcConnector] Successfully connected to: "LicenseClient-chris-notifications" at "2026-09-29T13:57:01.2336273Z"
[Licensing::Module] Licensing Background thread has ended after 0.06s

COMMAND LINE ARGUMENTS:
D:\Unity\6000.5.3f1\Editor\Unity.exe
-adb2
-batchMode
-noUpm
-name
AssetImportWorkerHW1
-projectPath
E:/GameDev/ITCS-4236-5236-Group-5-Project
-logFile
Logs/AssetImportWorkerHW1.log
-srvPort
50437
-parentPid
5776
-analyticsCloudUserId
anonymous
-analyticsLocalProjectId
cdddb57ab7f7df24fa1dff00ad96a901
-licensingIpc
LicenseClient-chris
-noDiagnosticSwitchPersistentStore
-job-worker-count
3
-background-job-worker-count
8
-asset-garbage-collectors
1
-force-d3d12
-name
AssetImport
Successfully changed project path to: E:/GameDev/ITCS-4236-5236-Group-5-Project
E:/GameDev/ITCS-4236-5236-Group-5-Project
[UnityMemory] Configuration Parameters - Can be set up in boot.config
    "memorysetup-temp-allocator-size-gi-baking-worker=262144"
    "memorysetup-temp-allocator-size-gi-baking-worker=262144"
    "memorysetup-temp-allocator-size-gi-baking-worker=262144"
    "memorysetup-temp-allocator-size-gi-baking-worker=262144"
    "memorysetup-temp-allocator-size-gi-baking-worker=262144"
    "memorysetup-temp-allocator-size-nav-mesh-worker=65536"
    "memorysetup-temp-allocator-size-audio-worker=65536"
    "memorysetup-temp-allocator-size-cloud-worker=32768"
    "memorysetup-temp-allocator-size-gfx=262144"
    "memorysetup-temp-allocator-size-preload-manager=33554432"
    "memorysetup-allocator-temp-initial-block-size-main=262144"
    "memorysetup-allocator-temp-initial-block-size-worker=262144"
    "memorysetup-temp-allocator-size-job-worker=262144"
    "memorysetup-temp-allocator-size-background-worker=32768"
    "memorysetup-bucket-allocator-granularity=16"
    "memorysetup-bucket-allocator-bucket-count=8"
    "memorysetup-bucket-allocator-block-size=33554432"
    "memorysetup-bucket-allocator-block-count=8"
    "memorysetup-main-allocator-block-size=16777216"
    "memorysetup-thread-allocator-block-size=16777216"
    "memorysetup-main-allocator-mimalloc-enabled=0"
    "memorysetup-gfx-main-allocator-block-size=16777216"
    "memorysetup-gfx-thread-allocator-block-size=16777216"
    "memorysetup-cache-allocator-block-size=4194304"
    "memorysetup-typetree-allocator-block-size=2097152"
    "memorysetup-profiler-bucket-allocator-granularity=16"
    "memorysetup-profiler-bucket-allocator-bucket-count=8"
    "memorysetup-profiler-bucket-allocator-block-size=33554432"
    "memorysetup-profiler-bucket-allocator-block-count=8"
    "memorysetup-profiler-allocator-block-size=16777216"
    "memorysetup-profiler-editor-allocator-block-size=1048576"
    "memorysetup-temp-allocator-size-main=16777216"
    "memorysetup-job-temp-allocator-block-size=2097152"
    "memorysetup-job-temp-allocator-block-size-background=1048576"
    "memorysetup-job-temp-allocator-reduction-small-platforms=262144"
Player connection [8036]  Target information:

Player connection [8036]  * "[IP] 192.168.4.28 [Port] 0 [Flags] 2 [Guid] 4284788622 [EditorId] 4284788622 [Version] 1048832 [Id] WindowsEditor(7,DESKTOP-61N33JS) [Debug] 1 [PackageName] WindowsEditor [ProjectName] Editor" 

Player connection [8036] Host joined multi-casting on [225.0.0.222:54997]...
Player connection [8036] Host joined alternative multi-casting on [225.0.0.222:34997]...
JobSystem: Creating JobQueue using job-worker-count value 3
Input System module state changed to: Initialized.
[Physics::Module] Initialized fallback backend.
[Physics::Module] Id: 0xdecafbad
Library Redirect Path: Library/
[Physics::Module] Selected backend.
[Physics::Module] Name: PhysX
[Physics::Module] Id: 0xf2b8ea05
[Physics::Module] SDK Version: 4.1.2
[Physics::Module] Integration Version: 1.0.0
[Physics::Module] Threading Mode: Multi-Threaded
Initialize engine version: 6000.5.3f1 (c2eb47b3a2a9)
[Subsystems] Discovering subsystems at path D:/Unity/6000.5.3f1/Editor/Data/Resources/UnitySubsystems
[Subsystems] Discovering subsystems at path E:/GameDev/ITCS-4236-5236-Group-5-Project/Assets
Forcing GfxDevice: Direct3D 12
GfxDevice: creating device client; kGfxThreadingModeNonThreaded
d3d12: failed to query info queue interface (0x80004002).
Direct3D:
    Version:         Direct3D 12 [level 12.1]
    Renderer:        NVIDIA GeForce GTX 1060 3GB (ID=0x1c02)
    Vendor:          NVIDIA
    VRAM:            2965 MB
    App VRAM Budget: 2520 MB
    Driver:          32.0.15.8228
Initialize mono
Mono path[0] = 'D:/Unity/6000.5.3f1/Editor/Data/Managed'
Mono path[1] = 'D:/Unity/6000.5.3f1/Editor/Data/BCLExtensions/runtime/netstandard2.1'
Mono path[2] = 'D:/Unity/6000.5.3f1/Editor/Data/MonoBleedingEdge/lib/mono/unityjit-win32'
Mono config path = 'D:/Unity/6000.5.3f1/Editor/Data/MonoBleedingEdge/etc'
Using monoOptions --debugger-agent=transport=dt_socket,embedding=1,server=y,suspend=n,address=127.0.0.1:56664
CodeReloadManager initialized
Begin MonoManager ReloadAssembly
Registering precompiled unity dll's ...
Register platform support module: D:/Unity/6000.5.3f1/Editor/Data/PlaybackEngines/WindowsStandaloneSupport/UnityEditor.WindowsStandalone.Extensions.dll
[Licensing::Client] Successfully resolved entitlement details
[Licensing::Module] License group:
  Id: 2476006479008-UnityPersXXXX
  Product: Unity Personal
  Type: Assigned
  Expiration: Unlimited
Register platform support module: D:/Unity/6000.5.3f1/Editor/Data/PlaybackEngines/MetroSupport/UnityEditor.UWP.Extensions.dll
[Licensing::Client] Successfully resolved entitlement details
Register platform support module: D:/Unity/6000.5.3f1/Editor/Data/PlaybackEngines/AndroidPlayer/UnityEditor.Android.Extensions.dll
[Licensing::Client] Successfully resolved entitlement details
Register platform support module: D:/Unity/6000.5.3f1/Editor/Data/PlaybackEngines/iOSSupport/UnityEditor.iOS.Extensions.dll
Registered in 0.018003 seconds.
[usbmuxd] Start listen thread
[usbmuxd] Listen thread started
Native extension for iOS target not found
Native extension for Android target not found
Native extension for UWP target not found
Native extension for WindowsStandalone target not found
Package Manager log level set to [2]
[Package Manager] Failed to launch server process. Reason: Unity was launched with the -noUpm command-line argument
[Package Manager] Unable to send message (not connected to server process).
[Package Manager] Cannot connect to Unity Package Manager local server
ScheduleIndexationOnStartup MainProcess:False IndexOnStartup:True
Mono: successfully reloaded assembly
- Finished resetting the current domain, in  0.830 seconds
Domain Reload Profiling: 2069ms
	BeginReloadAssembly (302ms)
	RebuildCommonClasses (11ms)
	RebuildNativeTypeToScriptingClass (49ms)
	initialDomainReloadingComplete (179ms)
	LoadAllAssembliesAndSetupDomain (697ms)
		LoadAssemblies (303ms)
		AnalyzeDomain (518ms)
			TypeCache.Refresh (515ms)
				TypeCache.ScanAssembly (481ms)
	FinalizeReload (831ms)
		SetupLoadedEditorAssemblies (0ms)
			InitializePlatformSupportModulesInManaged (115ms)
			BeforeProcessingInitializeOnLoad (204ms)
			ProcessInitializeOnLoadAttributes (162ms)
			ProcessInitializeOnLoadMethodAttributes (214ms)
Initializing Unity extensions:
[Licensing::Client] Successfully resolved entitlement details
========================================================================
Worker process is ready to serve import requests
Import Worker Mode flag is 0x00
Begin MonoManager ReloadAssembly
Native extension for iOS target not found
Native extension for Android target not found
Native extension for UWP target not found
Native extension for WindowsStandalone target not found
[Package Manager] Failed to launch server process. Reason: Unity was launched with the -noUpm command-line argument
[Package Manager] Unable to send message (not connected to server process).
[Package Manager] Cannot connect to Unity Package Manager local server
ScheduleIndexationOnStartup MainProcess:False IndexOnStartup:True
Mono: successfully reloaded assembly
- Finished resetting the current domain, in  0.591 seconds
Domain Reload Profiling: 1120ms
	BeginReloadAssembly (282ms)
		DisableScriptedObjects (10ms)
		CreateAndSetChildDomain (41ms)
	RebuildCommonClasses (11ms)
	RebuildNativeTypeToScriptingClass (27ms)
	initialDomainReloadingComplete (48ms)
	LoadAllAssembliesAndSetupDomain (160ms)
		LoadAssemblies (162ms)
		AnalyzeDomain (35ms)
			TypeCache.Refresh (27ms)
				TypeCache.ScanAssembly (14ms)
			BuildScriptInfoCaches (5ms)
	FinalizeReload (592ms)
		SetupLoadedEditorAssemblies (0ms)
			InitializePlatformSupportModulesInManaged (31ms)
			BeforeProcessingInitializeOnLoad (161ms)
			ProcessInitializeOnLoadAttributes (103ms)
			ProcessInitializeOnLoadMethodAttributes (96ms)
			AfterProcessingInitializeOnLoad (3ms)
		AwakeInstancesAfterBackupRestoration (3ms)
AcceleratorClientConnectionCallback - disconnected - :0
Launched and connected shader compiler UnityShaderCompiler.exe after 0.01 seconds
Unloading 0 Unused Serialized files (Serialized files now loaded: 0)
Curl error 3: URL rejected: Malformed input to a URL function
Unloading 64 unused Assets / (30.4 KB). Loaded Objects now: 688.
Memory consumption went from 154.5 MB to 154.5 MB.
Total: 6.728100 ms (FindLiveObjects: 0.072300 ms CreateObjectMapping: 0.023500 ms MarkObjects: 6.511600 ms  DeleteObjects: 0.117300 ms)

========================================================================
Received Prepare
AcceleratorClientConnectionCallback - disconnected - :0
Unloading 0 Unused Serialized files (Serialized files now loaded: 0)
Unloading 0 unused Assets / (0 B). Loaded Objects now: 688.
Memory consumption went from 154.4 MB to 154.4 MB.
Total: 7.385100 ms (FindLiveObjects: 0.083900 ms CreateObjectMapping: 0.012800 ms MarkObjects: 7.281300 ms  DeleteObjects: 0.005100 ms)

Prepare: number of updated asset objects reloaded= 0
========================================================================
Received Prepare
AcceleratorClientConnectionCallback - disconnected - :0
Unloading 0 Unused Serialized files (Serialized files now loaded: 0)
Unloading 63 unused Assets / (1.0 KB). Loaded Objects now: 689.
Memory consumption went from 154.6 MB to 154.6 MB.
Total: 5.570700 ms (FindLiveObjects: 0.061700 ms CreateObjectMapping: 0.016500 ms MarkObjects: 5.458100 ms  DeleteObjects: 0.033600 ms)

Prepare: number of updated asset objects reloaded= 0
========================================================================
Received Prepare
AcceleratorClientConnectionCallback - disconnected - :0
Begin MonoManager ReloadAssembly
[Licensing::Client] Successfully resolved entitlement details
Native extension for iOS target not found
Native extension for Android target not found
Native extension for UWP target not found
Native extension for WindowsStandalone target not found
[Package Manager] Failed to launch server process. Reason: Unity was launched with the -noUpm command-line argument
[Package Manager] Unable to send message (not connected to server process).
[Package Manager] Cannot connect to Unity Package Manager local server
ScheduleIndexationOnStartup MainProcess:False IndexOnStartup:True
Mono: successfully reloaded assembly
- Finished resetting the current domain, in  0.693 seconds
Domain Reload Profiling: 1269ms
	BeginReloadAssembly (318ms)
		DisableScriptedObjects (12ms)
		CreateAndSetChildDomain (41ms)
	RebuildCommonClasses (12ms)
	RebuildNativeTypeToScriptingClass (25ms)
	initialDomainReloadingComplete (59ms)
	LoadAllAssembliesAndSetupDomain (160ms)
		LoadAssemblies (192ms)
		AnalyzeDomain (20ms)
			TypeCache.Refresh (9ms)
			BuildScriptInfoCaches (9ms)
	FinalizeReload (695ms)
		SetupLoadedEditorAssemblies (0ms)
			InitializePlatformSupportModulesInManaged (26ms)
			BeforeProcessingInitializeOnLoad (153ms)
			ProcessInitializeOnLoadAttributes (161ms)
			ProcessInitializeOnLoadMethodAttributes (122ms)
			AfterProcessingInitializeOnLoad (5ms)
		AwakeInstancesAfterBackupRestoration (4ms)
Unloading 0 Unused Serialized files (Serialized files now loaded: 0)
Unloading 63 unused Assets / (1.0 KB). Loaded Objects now: 689.
Memory consumption went from 154.3 MB to 154.3 MB.
Total: 25.915000 ms (FindLiveObjects: 0.098500 ms CreateObjectMapping: 0.033300 ms MarkObjects: 25.721500 ms  DeleteObjects: 0.060000 ms)

Prepare: number of updated asset objects reloaded= 0
========================================================================
Received Prepare
AcceleratorClientConnectionCallback - disconnected - :0
Begin MonoManager ReloadAssembly
Native extension for iOS target not found
Native extension for Android target not found
Native extension for UWP target not found
Native extension for WindowsStandalone target not found
[Package Manager] Failed to launch server process. Reason: Unity was launched with the -noUpm command-line argument
[Package Manager] Unable to send message (not connected to server process).
[Package Manager] Cannot connect to Unity Package Manager local server
ScheduleIndexationOnStartup MainProcess:False IndexOnStartup:True
Mono: successfully reloaded assembly
- Finished resetting the current domain, in  0.754 seconds
Domain Reload Profiling: 1404ms
	BeginReloadAssembly (319ms)
		DisableScriptedObjects (12ms)
		CreateAndSetChildDomain (34ms)
	RebuildCommonClasses (16ms)
	RebuildNativeTypeToScriptingClass (33ms)
	initialDomainReloadingComplete (72ms)
	LoadAllAssembliesAndSetupDomain (207ms)
		LoadAssemblies (221ms)
		AnalyzeDomain (22ms)
			TypeCache.Refresh (9ms)
			BuildScriptInfoCaches (9ms)
	FinalizeReload (756ms)
		SetupLoadedEditorAssemblies (0ms)
			InitializePlatformSupportModulesInManaged (32ms)
			BeforeProcessingInitializeOnLoad (160ms)
			ProcessInitializeOnLoadAttributes (135ms)
			ProcessInitializeOnLoadMethodAttributes (165ms)
			AfterProcessingInitializeOnLoad (3ms)
		AwakeInstancesAfterBackupRestoration (3ms)
Unloading 0 Unused Serialized files (Serialized files now loaded: 0)
Unloading 63 unused Assets / (1.0 KB). Loaded Objects now: 689.
Memory consumption went from 154.5 MB to 154.5 MB.
Total: 7.683500 ms (FindLiveObjects: 0.053900 ms CreateObjectMapping: 0.018300 ms MarkObjects: 7.581400 ms  DeleteObjects: 0.028900 ms)

Prepare: number of updated asset objects reloaded= 0
========================================================================
Received Prepare
AcceleratorClientConnectionCallback - disconnected - :0
Unloading 0 Unused Serialized files (Serialized files now loaded: 0)
Unloading 0 unused Assets / (0 B). Loaded Objects now: 689.
Memory consumption went from 154.8 MB to 154.8 MB.
Total: 7.874300 ms (FindLiveObjects: 0.062900 ms CreateObjectMapping: 0.014300 ms MarkObjects: 7.787700 ms  DeleteObjects: 0.007800 ms)

Prepare: number of updated asset objects reloaded= 0
========================================================================
Received Import Request.
  Time of request: 2026-09-29T14:07:08.9791373Z
  Time since last request: 944.77925159999995 seconds.
  importAddress: GUID: 972a02464cac8224c8c030a6dc31f477 - Path: Assets/Ghost/Ghosts - Layer 3.png - Importer: PreviewImporter
Importing 'GUID: 972a02464cac8224c8c030a6dc31f477 - Path: Assets/Ghost/Ghosts - Layer 3.png - Importer: PreviewImporter' with importer (PreviewImporter)
[Licensing::Client] Successfully resolved entitlement details
[Licensing::Client] Successfully resolved entitlement details
[Licensing::Client] Successfully resolved entitlement details
Imported 'GUID: 972a02464cac8224c8c030a6dc31f477' -> (Import Result ID: 'acc8f2e442f70ecc6bf90c4defa529db') in 0.708 seconds [static and dynamic dependencies]. Details - ImportResultOutputID=49b88288b2bfd12891d1ec4c185b9f27 DependenciesID=528ae4655e3ebe98c9e39960273758ee StaticDependenciesID=df73ad5f0005d845866a6c27b610ed61 
Number of updated asset objects reloaded before import = 0
Number of asset objects unloaded after import = 2
========================================================================
Received Import Request.
  Time of request: 2026-09-29T14:07:09.690588Z
  Time since last request: 0.0000378 seconds.
  importAddress: GUID: c5637f80949c61c4fa194b0c229e8097 - Path: Assets/Ghost/Ghosts - Layer 3 (2).png - Importer: PreviewImporter
Importing 'GUID: c5637f80949c61c4fa194b0c229e8097 - Path: Assets/Ghost/Ghosts - Layer 3 (2).png - Importer: PreviewImporter' with importer (PreviewImporter)
Imported 'GUID: c5637f80949c61c4fa194b0c229e8097' -> (Import Result ID: '4ab86d7cdc49894e4dd3732735e2b70a') in 0.013 seconds [static and dynamic dependencies]. Details - ImportResultOutputID=a1b0d28cbe310344e7a07306050f3c61 DependenciesID=e088780e5f81d8d1c4ce14bed0f7e6ad StaticDependenciesID=d8bd9416526dbdf9adc2ab67939be44e 
Number of updated asset objects reloaded before import = 0
Number of asset objects unloaded after import = 2
========================================================================
Received Import Request.
  Time of request: 2026-09-29T14:07:09.7460568Z
  Time since last request: 0.0420005 seconds.
  importAddress: GUID: c5637f80949c61c4fa194b0c229e8097 - Path: Assets/Ghost/Ghosts - Layer 3 (2).png - Importer: ScriptedImporter/UnityEditor.QuickSearchModule:UnityEditor.Search:ASIAI0B
Importing 'GUID: c5637f80949c61c4fa194b0c229e8097 - Path: Assets/Ghost/Ghosts - Layer 3 (2).png - Importer: ScriptedImporter/UnityEditor.QuickSearchModule:UnityEditor.Search:ASIAI0B' with importer (ScriptedImporter : UnityEditor.QuickSearchModule:UnityEditor.Search:ASIAI0B)
Imported 'GUID: c5637f80949c61c4fa194b0c229e8097' -> (Import Result ID: '23b50bba6864b1311e41009b2ebcfca2') in 0.179 seconds [static and dynamic dependencies]. Details - ImportResultOutputID=c7970714ddedda4647f884e16cad67b2 DependenciesID=c992a488d0cdaad6b7320797e97f31df StaticDependenciesID=024c7146b3b8eca85da281f81223b4ab 
Number of updated asset objects reloaded before import = 0
Number of asset objects unloaded after import = 1
========================================================================
Received Prepare
AcceleratorClientConnectionCallback - disconnected - :0
Unloading 0 Unused Serialized files (Serialized files now loaded: 0)
Unloading 0 unused Assets / (0 B). Loaded Objects now: 694.
Memory consumption went from 158.0 MB to 158.0 MB.
Total: 12.807200 ms (FindLiveObjects: 0.088600 ms CreateObjectMapping: 0.021500 ms MarkObjects: 12.687900 ms  DeleteObjects: 0.007500 ms)

Prepare: number of updated asset objects reloaded= 0
========================================================================
Received Prepare
AcceleratorClientConnectionCallback - disconnected - :0
Unloading 0 Unused Serialized files (Serialized files now loaded: 0)
Unloading 0 unused Assets / (0 B). Loaded Objects now: 694.
Memory consumption went from 158.1 MB to 158.1 MB.
Total: 13.553900 ms (FindLiveObjects: 0.088000 ms CreateObjectMapping: 0.022000 ms MarkObjects: 13.435400 ms  DeleteObjects: 0.006500 ms)

Prepare: number of updated asset objects reloaded= 0
========================================================================
Received Prepare
AcceleratorClientConnectionCallback - disconnected - :0
Begin MonoManager ReloadAssembly
[Licensing::Client] Successfully resolved entitlement details
Native extension for iOS target not found
Native extension for Android target not found
Native extension for UWP target not found
Native extension for WindowsStandalone target not found
[Package Manager] Failed to launch server process. Reason: Unity was launched with the -noUpm command-line argument
[Package Manager] Unable to send message (not connected to server process).
[Package Manager] Cannot connect to Unity Package Manager local server
ScheduleIndexationOnStartup MainProcess:False IndexOnStartup:True
Mono: successfully reloaded assembly
- Finished resetting the current domain, in  0.580 seconds
Domain Reload Profiling: 1130ms
	BeginReloadAssembly (287ms)
		DisableScriptedObjects (8ms)
		CreateAndSetChildDomain (38ms)
	RebuildCommonClasses (15ms)
	RebuildNativeTypeToScriptingClass (25ms)
	initialDomainReloadingComplete (51ms)
	LoadAllAssembliesAndSetupDomain (171ms)
		LoadAssemblies (157ms)
		AnalyzeDomain (24ms)
			TypeCache.Refresh (15ms)
				TypeCache.ScanAssembly (7ms)
			BuildScriptInfoCaches (7ms)
	FinalizeReload (581ms)
		SetupLoadedEditorAssemblies (0ms)
			InitializePlatformSupportModulesInManaged (25ms)
			BeforeProcessingInitializeOnLoad (126ms)
			ProcessInitializeOnLoadAttributes (110ms)
			ProcessInitializeOnLoadMethodAttributes (104ms)
			AfterProcessingInitializeOnLoad (3ms)
		AwakeInstancesAfterBackupRestoration (3ms)
Unloading 0 Unused Serialized files (Serialized files now loaded: 0)
Unloading 116 unused Assets / (3.1 KB). Loaded Objects now: 747.
Memory consumption went from 160.4 MB to 160.4 MB.
Total: 5.606300 ms (FindLiveObjects: 0.058800 ms CreateObjectMapping: 0.021500 ms MarkObjects: 5.472400 ms  DeleteObjects: 0.052100 ms)

Prepare: number of updated asset objects reloaded= 0
========================================================================
Received Import Request.
  Time of request: 2026-09-29T14:18:05.199227Z
  Time since last request: 655.19764050000003 seconds.
  importAddress: GUID: d1a4629d5a3d147978a3fe8af3b6a935 - Path: Packages/com.unity.2d.sprite/Editor/Assets/d_LockedOptions@2x.png - Importer: ScriptedImporter/UnityEditor.QuickSearchModule:UnityEditor.Search:ASIAI0B
Importing 'GUID: d1a4629d5a3d147978a3fe8af3b6a935 - Path: Packages/com.unity.2d.sprite/Editor/Assets/d_LockedOptions@2x.png - Importer: ScriptedImporter/UnityEditor.QuickSearchModule:UnityEditor.Search:ASIAI0B' with importer (ScriptedImporter : UnityEditor.QuickSearchModule:UnityEditor.Search:ASIAI0B)
Imported 'GUID: d1a4629d5a3d147978a3fe8af3b6a935' -> (Import Result ID: 'a701dbb4d6d64b8bbb87c66506defe65') in 0.174 seconds [static and dynamic dependencies]. Details - ImportResultOutputID=dd0e010e051c87531bb29a0c8f32639c DependenciesID=bf923284fdb2dc07d89b8b8afe59696a StaticDependenciesID=bfb77b0ad9672ec35aa447706e23be52 
Number of updated asset objects reloaded before import = 0
Number of asset objects unloaded after import = 1
========================================================================
Received Import Request.
  Time of request: 2026-09-29T14:18:05.3743879Z
  Time since last request: 0.0003426 seconds.
  importAddress: GUID: 5c3b8c69935554b3e94d4497f9a6e8d8 - Path: Packages/com.unity.2d.sprite/Editor/ObjectMenuCreation/MenuItems.cs - Importer: ScriptedImporter/UnityEditor.QuickSearchModule:UnityEditor.Search:ASIAI0B
Importing 'GUID: 5c3b8c69935554b3e94d4497f9a6e8d8 - Path: Packages/com.unity.2d.sprite/Editor/ObjectMenuCreation/MenuItems.cs - Importer: ScriptedImporter/UnityEditor.QuickSearchModule:UnityEditor.Search:ASIAI0B' with importer (ScriptedImporter : UnityEditor.QuickSearchModule:UnityEditor.Search:ASIAI0B)
Imported 'GUID: 5c3b8c69935554b3e94d4497f9a6e8d8' -> (Import Result ID: 'bf1449c5a7abdbdc287e7e3f813ccbef') in 0.015 seconds [static and dynamic dependencies]. Details - ImportResultOutputID=5f62e720a6db383a5d3db524b4f54f54 DependenciesID=f04be501d9f31a6edfdbb1af9fdb3c46 StaticDependenciesID=37f07873b5997d047a1b870b40791b3f 
Number of updated asset objects reloaded before import = 0
Number of asset objects unloaded after import = 0
========================================================================
Received Import Request.
  Time of request: 2026-09-29T14:18:05.390182Z
  Time since last request: 0.0004603 seconds.
  importAddress: GUID: cc35afd292fc349128b36a291fb3a165 - Path: Packages/com.unity.2d.sprite/Editor/ObjectMenuCreation/DefaultAssets/Textures/9-SlicedWithBorder.png - Importer: ScriptedImporter/UnityEditor.QuickSearchModule:UnityEditor.Search:ASIAI0B
Importing 'GUID: cc35afd292fc349128b36a291fb3a165 - Path: Packages/com.unity.2d.sprite/Editor/ObjectMenuCreation/DefaultAssets/Textures/9-SlicedWithBorder.png - Importer: ScriptedImporter/UnityEditor.QuickSearchModule:UnityEditor.Search:ASIAI0B' with importer (ScriptedImporter : UnityEditor.QuickSearchModule:UnityEditor.Search:ASIAI0B)
Imported 'GUID: cc35afd292fc349128b36a291fb3a165' -> (Import Result ID: '1a9bdcc0faee3ce5ae7ffc16e6f7bf23') in 0.022 seconds [static and dynamic dependencies]. Details - ImportResultOutputID=65b00f0b47e63fcde6933d0ec1ec57dd DependenciesID=c3802ffbe134ef17cc9b8db86fc72c13 StaticDependenciesID=a1a1187405a891c324723f803774754b 
Number of updated asset objects reloaded before import = 0
Number of asset objects unloaded after import = 3
========================================================================
Received Import Request.
  Time of request: 2026-09-29T14:18:05.4130717Z
  Time since last request: 0.000639 seconds.
  importAddress: GUID: 262cb4b7f3f83594181bf998fc6329cc - Path: Packages/com.unity.2d.sprite/Editor/SpriteEditorModule/SpriteFrameModule/SpriteFrameModule.cs - Importer: ScriptedImporter/UnityEditor.QuickSearchModule:UnityEditor.Search:ASIAI0B
Importing 'GUID: 262cb4b7f3f83594181bf998fc6329cc - Path: Packages/com.unity.2d.sprite/Editor/SpriteEditorModule/SpriteFrameModule/SpriteFrameModule.cs - Importer: ScriptedImporter/UnityEditor.QuickSearchModule:UnityEditor.Search:ASIAI0B' with importer (ScriptedImporter : UnityEditor.QuickSearchModule:UnityEditor.Search:ASIAI0B)
Imported 'GUID: 262cb4b7f3f83594181bf998fc6329cc' -> (Import Result ID: 'e534b87ee379f95f78885e081e9dd8a0') in 0.005 seconds [static and dynamic dependencies]. Details - ImportResultOutputID=5da1fe145c87d87a6cae12e4c61d5199 DependenciesID=2b609b98ef414adb2591bbab1daf16fa StaticDependenciesID=7ea92db52c249482e1ab9a42895f5984 
Number of updated asset objects reloaded before import = 0
Number of asset objects unloaded after import = 0
========================================================================
Received Import Request.
  Time of request: 2026-09-29T14:18:05.4191126Z
  Time since last request: 0.000481 seconds.
  importAddress: GUID: a9716c16a44a94eed9b5c90fbf4d9bdd - Path: Packages/com.unity.2d.sprite/Editor/ObjectMenuCreation/DefaultAssets/Textures/HexagonFlatTopWithBorder.png - Importer: ScriptedImporter/UnityEditor.QuickSearchModule:UnityEditor.Search:ASIAI0B
Importing 'GUID: a9716c16a44a94eed9b5c90fbf4d9bdd - Path: Packages/com.unity.2d.sprite/Editor/ObjectMenuCreation/DefaultAssets/Textures/HexagonFlatTopWithBorder.png - Importer: ScriptedImporter/UnityEditor.QuickSearchModule:UnityEditor.Search:ASIAI0B' with importer (ScriptedImporter : UnityEditor.QuickSearchModule:UnityEditor.Search:ASIAI0B)
Imported 'GUID: a9716c16a44a94eed9b5c90fbf4d9bdd' -> (Import Result ID: '0407584091d4e36323dc7bdfc985c226') in 0.014 seconds [static and dynamic dependencies]. Details - ImportResultOutputID=cb080e56fbae290ee598ead2445713d8 DependenciesID=5497931fbcd9e2a9df8ec38927af7e6c StaticDependenciesID=e347d9154d93eed0252a240c2afcbc84 
Number of updated asset objects reloaded before import = 0
Number of asset objects unloaded after import = 3
========================================================================
Received Import Request.
  Time of request: 2026-09-29T14:18:05.4339364Z
  Time since last request: 0.000345 seconds.
  importAddress: GUID: ad9baf3ac3e35c948bf6a50e91e91473 - Path: Packages/com.unity.2d.sprite/Editor/UI/SpriteEditor/PolygonChangeShapeWindow.uxml - Importer: ScriptedImporter/UnityEditor.QuickSearchModule:UnityEditor.Search:ASIAI0B
Importing 'GUID: ad9baf3ac3e35c948bf6a50e91e91473 - Path: Packages/com.unity.2d.sprite/Editor/UI/SpriteEditor/PolygonChangeShapeWindow.uxml - Importer: ScriptedImporter/UnityEditor.QuickSearchModule:UnityEditor.Search:ASIAI0B' with importer (ScriptedImporter : UnityEditor.QuickSearchModule:UnityEditor.Search:ASIAI0B)
Imported 'GUID: ad9baf3ac3e35c948bf6a50e91e91473' -> (Import Result ID: '03e38044933d9b3fee99cae26e62398f') in 0.143 seconds [static and dynamic dependencies]. Details - ImportResultOutputID=0cf0ae03e4478a5fd9e319aac1676307 DependenciesID=e88cab0816e3c4b42d0eb12bf4ba96de StaticDependenciesID=3739c3370e02889b60b930f1348245c6 
Number of updated asset objects reloaded before import = 0
Number of asset objects unloaded after import = 2
========================================================================
Received Import Request.
  Time of request: 2026-09-29T14:18:05.5775164Z
  Time since last request: 0.0002798 seconds.
  importAddress: GUID: 2c61219a8c88e2b43a6637bc8fe558dc - Path: Packages/com.unity.2d.sprite/Editor/Interface/IAssetDatabase.cs - Importer: ScriptedImporter/UnityEditor.QuickSearchModule:UnityEditor.Search:ASIAI0B
Importing 'GUID: 2c61219a8c88e2b43a6637bc8fe558dc - Path: Packages/com.unity.2d.sprite/Editor/Interface/IAssetDatabase.cs - Importer: ScriptedImporter/UnityEditor.QuickSearchModule:UnityEditor.Search:ASIAI0B' with importer (ScriptedImporter : UnityEditor.QuickSearchModule:UnityEditor.Search:ASIAI0B)
Imported 'GUID: 2c61219a8c88e2b43a6637bc8fe558dc' -> (Import Result ID: '435dc3b502752bacd0829c876fa4f668') in 0.006 seconds [static and dynamic dependencies]. Details - ImportResultOutputID=611ada0c266baaa55866a0161bb0ad25 DependenciesID=8dd7d90ae945c3c8426727e3cf60a388 StaticDependenciesID=4caecdc9c38661bc50b32df5f7410c8c 
Number of updated asset objects reloaded before import = 0
Number of asset objects unloaded after import = 0
========================================================================
Received Import Request.
  Time of request: 2026-09-29T14:18:05.5845761Z
  Time since last request: 0.0005279 seconds.
  importAddress: GUID: 52ba1e44dd745b7499ee3f8bb1fe60ce - Path: Packages/com.unity.2d.sprite/Editor/SpriteEditor/SpriteUtilityWindow.cs - Importer: ScriptedImporter/UnityEditor.QuickSearchModule:UnityEditor.Search:ASIAI0B
Importing 'GUID: 52ba1e44dd745b7499ee3f8bb1fe60ce - Path: Packages/com.unity.2d.sprite/Editor/SpriteEditor/SpriteUtilityWindow.cs - Importer: ScriptedImporter/UnityEditor.QuickSearchModule:UnityEditor.Search:ASIAI0B' with importer (ScriptedImporter : UnityEditor.QuickSearchModule:UnityEditor.Search:ASIAI0B)
Imported 'GUID: 52ba1e44dd745b7499ee3f8bb1fe60ce' -> (Import Result ID: '1546c11d4f7dd77c3bb030436635d205') in 0.006 seconds [static and dynamic dependencies]. Details - ImportResultOutputID=5eb90d6506d45a638802a7028758cf07 DependenciesID=2f1541503ce0a9ab72b963fac8ca9601 StaticDependenciesID=93606f56969507bb94a4061e74e1207d 
Number of updated asset objects reloaded before import = 0
Number of asset objects unloaded after import = 0
========================================================================
Received Import Request.
  Time of request: 2026-09-29T14:18:05.5915068Z
  Time since last request: 0.0002877 seconds.
  importAddress: GUID: dcc63292bf8cfd543b11bfdebe99cd02 - Path: Packages/com.unity.2d.sprite/Tests/Editor - Importer: ScriptedImporter/UnityEditor.QuickSearchModule:UnityEditor.Search:ASIAI0B
Importing 'GUID: dcc63292bf8cfd543b11bfdebe99cd02 - Path: Packages/com.unity.2d.sprite/Tests/Editor - Importer: ScriptedImporter/UnityEditor.QuickSearchModule:UnityEditor.Search:ASIAI0B' with importer (ScriptedImporter : UnityEditor.QuickSearchModule:UnityEditor.Search:ASIAI0B)
Imported 'GUID: dcc63292bf8cfd543b11bfdebe99cd02' -> (Import Result ID: '1a48e7ad37f0164762572b1a6805120b') in 0.005 seconds [static and dynamic dependencies]. Details - ImportResultOutputID=a4ce6072606a861bcc6133ee68064bda DependenciesID=a0295a58b7cb839bb60a118c698af0c7 StaticDependenciesID=ad17dc3cd825a8a3e579839a6ed1cfb8 
Number of updated asset objects reloaded before import = 0
Number of asset objects unloaded after import = 1
========================================================================
Received Import Request.
  Time of request: 2026-09-29T14:18:05.597252Z
  Time since last request: 0.0004235 seconds.
  importAddress: GUID: eb4d405ba54724ef89c2fce638946c5d - Path: Packages/com.unity.2d.sprite/Editor/ObjectMenuCreation/DefaultAssets/Textures - Importer: ScriptedImporter/UnityEditor.QuickSearchModule:UnityEditor.Search:ASIAI0B
Importing 'GUID: eb4d405ba54724ef89c2fce638946c5d - Path: Packages/com.unity.2d.sprite/Editor/ObjectMenuCreation/DefaultAssets/Textures - Importer: ScriptedImporter/UnityEditor.QuickSearchModule:UnityEditor.Search:ASIAI0B' with importer (ScriptedImporter : UnityEditor.QuickSearchModule:UnityEditor.Search:ASIAI0B)
Imported 'GUID: eb4d405ba54724ef89c2fce638946c5d' -> (Import Result ID: 'b148aa9fa99af27ae473a3d423976682') in 0.005 seconds [static and dynamic dependencies]. Details - ImportResultOutputID=0071e056c5021dcc504040858d2ab29c DependenciesID=21b2aa9f3e6216f9f7d6030278c260c8 StaticDependenciesID=e1d69685eb4a161eb1c52ea17e4aa204 
Number of updated asset objects reloaded before import = 0
Number of asset objects unloaded after import = 1
========================================================================
Received Import Request.
  Time of request: 2026-09-29T14:18:05.6050702Z
  Time since last request: 0.0017255 seconds.
  importAddress: GUID: 2da7f563df844e7199ab869a512be3a1 - Path: Packages/com.unity.2d.sprite/Editor/SpriteEditorModule/SpriteFrameModule/SpriteFrameModuleBaseSpriteEditor.cs - Importer: ScriptedImporter/UnityEditor.QuickSearchModule:UnityEditor.Search:ASIAI0B
Importing 'GUID: 2da7f563df844e7199ab869a512be3a1 - Path: Packages/com.unity.2d.sprite/Editor/SpriteEditorModule/SpriteFrameModule/SpriteFrameModuleBaseSpriteEditor.cs - Importer: ScriptedImporter/UnityEditor.QuickSearchModule:UnityEditor.Search:ASIAI0B' with importer (ScriptedImporter : UnityEditor.QuickSearchModule:UnityEditor.Search:ASIAI0B)
Imported 'GUID: 2da7f563df844e7199ab869a512be3a1' -> (Import Result ID: 'b99227a08d42010c933f2f707d266bdb') in 0.005 seconds [static and dynamic dependencies]. Details - ImportResultOutputID=92d39e5d807f593bdd201475381525b9 DependenciesID=846df901d2d2a75e909d58822fda1141 StaticDependenciesID=3973d6bb475e09adaca77fac1b87f228 
Number of updated asset objects reloaded before import = 0
Number of asset objects unloaded after import = 0
========================================================================
Received Import Request.
  Time of request: 2026-09-29T14:18:05.610873Z
  Time since last request: 0.0003801 seconds.
  importAddress: GUID: b24e0bc58c3b8834dbb57d29d39752b7 - Path: Packages/com.unity.2d.sprite/Editor/SpriteEditorModule/SpriteEditorData.cs - Importer: ScriptedImporter/UnityEditor.QuickSearchModule:UnityEditor.Search:ASIAI0B
Importing 'GUID: b24e0bc58c3b8834dbb57d29d39752b7 - Path: Packages/com.unity.2d.sprite/Editor/SpriteEditorModule/SpriteEditorData.cs - Importer: ScriptedImporter/UnityEditor.QuickSearchModule:UnityEditor.Search:ASIAI0B' with importer (ScriptedImporter : UnityEditor.QuickSearchModule:UnityEditor.Search:ASIAI0B)
Imported 'GUID: b24e0bc58c3b8834dbb57d29d39752b7' -> (Import Result ID: 'd86efe41e533b5b6d4f7b43e37736654') in 0.004 seconds [static and dynamic dependencies]. Details - ImportResultOutputID=e8c4f713bc2e7ae10dba2936a055e568 DependenciesID=04a8d1a593a92c6b95c1bd26da71450a StaticDependenciesID=fff3323bf80fa1624acf614e4750b3b0 
Number of updated asset objects reloaded before import = 0
Number of asset objects unloaded after import = 0
========================================================================
Received Import Request.
  Time of request: 2026-09-29T14:18:05.6156929Z
  Time since last request: 0.0003721 seconds.
  importAddress: GUID: 48e93eef0688c4a259cb0eddcd8661f7 - Path: Packages/com.unity.2d.sprite/Editor/ObjectMenuCreation/DefaultAssets/Textures/Square.png - Importer: ScriptedImporter/UnityEditor.QuickSearchModule:UnityEditor.Search:ASIAI0B
Importing 'GUID: 48e93eef0688c4a259cb0eddcd8661f7 - Path: Packages/com.unity.2d.sprite/Editor/ObjectMenuCreation/DefaultAssets/Textures/Square.png - Importer: ScriptedImporter/UnityEditor.QuickSearchModule:UnityEditor.Search:ASIAI0B' with importer (ScriptedImporter : UnityEditor.QuickSearchModule:UnityEditor.Search:ASIAI0B)
Imported 'GUID: 48e93eef0688c4a259cb0eddcd8661f7' -> (Import Result ID: '36e15deae3c079bb1afc7f9df0925050') in 0.013 seconds [static and dynamic dependencies]. Details - ImportResultOutputID=ce1a527a96fe44c7ad8833dcd4c5b290 DependenciesID=09ff023c40a3c03c731ff9db70bd08fc StaticDependenciesID=1586c2301d6b184d7852939810b5cfff 
Number of updated asset objects reloaded before import = 0
Number of asset objects unloaded after import = 3
========================================================================
Received Import Request.
  Time of request: 2026-09-29T14:18:05.6288165Z
  Time since last request: 0.0003104 seconds.
  importAddress: GUID: f718650777d1c4054b67f17a9e60cfaa - Path: Packages/com.unity.2d.sprite/Editor/SpriteEditorModule/SpriteOutlineOverlay.cs - Importer: ScriptedImporter/UnityEditor.QuickSearchModule:UnityEditor.Search:ASIAI0B
Importing 'GUID: f718650777d1c4054b67f17a9e60cfaa - Path: Packages/com.unity.2d.sprite/Editor/SpriteEditorModule/SpriteOutlineOverlay.cs - Importer: ScriptedImporter/UnityEditor.QuickSearchModule:UnityEditor.Search:ASIAI0B' with importer (ScriptedImporter : UnityEditor.QuickSearchModule:UnityEditor.Search:ASIAI0B)
Imported 'GUID: f718650777d1c4054b67f17a9e60cfaa' -> (Import Result ID: 'a418373db1c5e1c82f82a890c4d72989') in 0.004 seconds [static and dynamic dependencies]. Details - ImportResultOutputID=3a1ae1660fa8e9685dba15fd16dfc24b DependenciesID=7c837b643492f6937c1b79386cb88f5d StaticDependenciesID=b9385fdd1f47bcda2810c382b3d9eb19 
Number of updated asset objects reloaded before import = 0
Number of asset objects unloaded after import = 0
========================================================================
Received Import Request.
  Time of request: 2026-09-29T14:18:05.6332872Z
  Time since last request: 0.0003784 seconds.
  importAddress: GUID: 357726a1187b4365a8f9f5ead3600872 - Path: Packages/com.unity.2d.sprite/Editor/SpriteEditorModule/SpriteFrameModule/SpriteFameModuleDataProviderOverride.cs - Importer: ScriptedImporter/UnityEditor.QuickSearchModule:UnityEditor.Search:ASIAI0B
Importing 'GUID: 357726a1187b4365a8f9f5ead3600872 - Path: Packages/com.unity.2d.sprite/Editor/SpriteEditorModule/SpriteFrameModule/SpriteFameModuleDataProviderOverride.cs - Importer: ScriptedImporter/UnityEditor.QuickSearchModule:UnityEditor.Search:ASIAI0B' with importer (ScriptedImporter : UnityEditor.QuickSearchModule:UnityEditor.Search:ASIAI0B)
Imported 'GUID: 357726a1187b4365a8f9f5ead3600872' -> (Import Result ID: 'b7f81c531b170e58fc9cb1f36002f016') in 0.006 seconds [static and dynamic dependencies]. Details - ImportResultOutputID=ef1ab19759909d892ef60b8274a6aad8 DependenciesID=babf47aca2c51cc9990b27a025288845 StaticDependenciesID=8f5fc89c592d9fc6160753b71063266a 
Number of updated asset objects reloaded before import = 0
Number of asset objects unloaded after import = 0
========================================================================
Received Import Request.
  Time of request: 2026-09-29T14:18:05.639803Z
  Time since last request: 0.0003762 seconds.
  importAddress: GUID: 311925a002f4447b3a28927169b83ea6 - Path: Packages/com.unity.2d.sprite/Editor/ObjectMenuCreation/DefaultAssets/Textures/v2/Square.png - Importer: ScriptedImporter/UnityEditor.QuickSearchModule:UnityEditor.Search:ASIAI0B
Importing 'GUID: 311925a002f4447b3a28927169b83ea6 - Path: Packages/com.unity.2d.sprite/Editor/ObjectMenuCreation/DefaultAssets/Textures/v2/Square.png - Importer: ScriptedImporter/UnityEditor.QuickSearchModule:UnityEditor.Search:ASIAI0B' with importer (ScriptedImporter : UnityEditor.QuickSearchModule:UnityEditor.Search:ASIAI0B)
Imported 'GUID: 311925a002f4447b3a28927169b83ea6' -> (Import Result ID: '4c1919f2b5114e858163a9ef60594f8f') in 0.012 seconds [static and dynamic dependencies]. Details - ImportResultOutputID=50f8c31ebfa320074aa52e3a019a1ca7 DependenciesID=c7ddb254da051e80d95530dc954422f9 StaticDependenciesID=5eed68b3497b0cb5350507e0e6030f4d 
Number of updated asset objects reloaded before import = 0
Number of asset objects unloaded after import = 3
========================================================================
Received Import Request.
  Time of request: 2026-09-29T14:18:05.6522542Z
  Time since last request: 0.0003172 seconds.
  importAddress: GUID: d02b5650e6e0b4c45ab18d5a1d1fce97 - Path: Packages/com.unity.2d.sprite/Editor/UI/SpriteEditor/SpriteFrameModuleInspector.uxml - Importer: ScriptedImporter/UnityEditor.QuickSearchModule:UnityEditor.Search:ASIAI0B
Importing 'GUID: d02b5650e6e0b4c45ab18d5a1d1fce97 - Path: Packages/com.unity.2d.sprite/Editor/UI/SpriteEditor/SpriteFrameModuleInspector.uxml - Importer: ScriptedImporter/UnityEditor.QuickSearchModule:UnityEditor.Search:ASIAI0B' with importer (ScriptedImporter : UnityEditor.QuickSearchModule:UnityEditor.Search:ASIAI0B)
Imported 'GUID: d02b5650e6e0b4c45ab18d5a1d1fce97' -> (Import Result ID: '10ca016365a239889ab88a2677986e54') in 0.015 seconds [static and dynamic dependencies]. Details - ImportResultOutputID=a77d6ffa33ef5507ddc1c7735dfc5b5d DependenciesID=f9d459c44b7c25fc314f27a930aa7f21 StaticDependenciesID=f1782eebf95862cd1f5983b522e41b82 
Number of updated asset objects reloaded before import = 0
Number of asset objects unloaded after import = 2
========================================================================
Received Import Request.
  Time of request: 2026-09-29T14:18:05.6678556Z
  Time since last request: 0.0003324 seconds.
  importAddress: GUID: 8884154dfe85442a3a3578be807dbcdf - Path: Packages/com.unity.2d.sprite/Editor/ObjectMenuCreation/DefaultAssets/Textures/v2/9Sliced.png - Importer: ScriptedImporter/UnityEditor.QuickSearchModule:UnityEditor.Search:ASIAI0B
Importing 'GUID: 8884154dfe85442a3a3578be807dbcdf - Path: Packages/com.unity.2d.sprite/Editor/ObjectMenuCreation/DefaultAssets/Textures/v2/9Sliced.png - Importer: ScriptedImporter/UnityEditor.QuickSearchModule:UnityEditor.Search:ASIAI0B' with importer (ScriptedImporter : UnityEditor.QuickSearchModule:UnityEditor.Search:ASIAI0B)
Imported 'GUID: 8884154dfe85442a3a3578be807dbcdf' -> (Import Result ID: '10a7ee08ce8700a7f6b7ff5549dda76f') in 0.012 seconds [static and dynamic dependencies]. Details - ImportResultOutputID=187b0aa3badf256d1897e430d018f078 DependenciesID=49be1511fcd35da406fce5efd9564254 StaticDependenciesID=4301246f3b09c2122e90ce6d8871a2be 
Number of updated asset objects reloaded before import = 0
Number of asset objects unloaded after import = 3
========================================================================
Received Import Request.
  Time of request: 2026-09-29T14:18:05.6808138Z
  Time since last request: 0.000345 seconds.
  importAddress: GUID: cd09d9cb85d9d904dba1ade9bded16de - Path: Packages/com.unity.2d.sprite/Editor/SpriteEditor/SpriteRect.cs - Importer: ScriptedImporter/UnityEditor.QuickSearchModule:UnityEditor.Search:ASIAI0B
Importing 'GUID: cd09d9cb85d9d904dba1ade9bded16de - Path: Packages/com.unity.2d.sprite/Editor/SpriteEditor/SpriteRect.cs - Importer: ScriptedImporter/UnityEditor.QuickSearchModule:UnityEditor.Search:ASIAI0B' with importer (ScriptedImporter : UnityEditor.QuickSearchModule:UnityEditor.Search:ASIAI0B)
Imported 'GUID: cd09d9cb85d9d904dba1ade9bded16de' -> (Import Result ID: 'ca358b90cf19b9a574d0d45c0f8b9f55') in 0.004 seconds [static and dynamic dependencies]. Details - ImportResultOutputID=868efe3c2dfebb38d995d43be1ddfda8 DependenciesID=83f7f0f4e599b5f0abaa120eb718dd14 StaticDependenciesID=12a58527fdcfa644533e3f4c0e26cb8e 
Number of updated asset objects reloaded before import = 0
Number of asset objects unloaded after import = 0
========================================================================
Received Import Request.
  Time of request: 2026-09-29T14:18:05.6855586Z
  Time since last request: 0.0003978 seconds.
  importAddress: GUID: e1a3bd001331f2049913323736d02a48 - Path: Packages/com.unity.2d.sprite/Editor/SpriteEditorModule/SpriteFrameModule - Importer: ScriptedImporter/UnityEditor.QuickSearchModule:UnityEditor.Search:ASIAI0B
Importing 'GUID: e1a3bd001331f2049913323736d02a48 - Path: Packages/com.unity.2d.sprite/Editor/SpriteEditorModule/SpriteFrameModule - Importer: ScriptedImporter/UnityEditor.QuickSearchModule:UnityEditor.Search:ASIAI0B' with importer (ScriptedImporter : UnityEditor.QuickSearchModule:UnityEditor.Search:ASIAI0B)
Imported 'GUID: e1a3bd001331f2049913323736d02a48' -> (Import Result ID: 'a50e02a5396eeeca4c88cf9b16286668') in 0.004 seconds [static and dynamic dependencies]. Details - ImportResultOutputID=de0fb882d1cb70eaa11e4535ba2adaaf DependenciesID=56d387c91db971fae0163e152f381a6e StaticDependenciesID=c35d53658963629abe58ba29f6bea826 
Number of updated asset objects reloaded before import = 0
Number of asset objects unloaded after import = 1
========================================================================
Received Import Request.
  Time of request: 2026-09-29T14:18:05.6905859Z
  Time since last request: 0.0003408 seconds.
  importAddress: GUID: 2d68391cb3f74b2c93616b2a26d7b85f - Path: Packages/com.unity.2d.sprite/Editor/SpriteEditorModule/SpriteFrameModule/SpriteFrameEditor - Importer: ScriptedImporter/UnityEditor.QuickSearchModule:UnityEditor.Search:ASIAI0B
Importing 'GUID: 2d68391cb3f74b2c93616b2a26d7b85f - Path: Packages/com.unity.2d.sprite/Editor/SpriteEditorModule/SpriteFrameModule/SpriteFrameEditor - Importer: ScriptedImporter/UnityEditor.QuickSearchModule:UnityEditor.Search:ASIAI0B' with importer (ScriptedImporter : UnityEditor.QuickSearchModule:UnityEditor.Search:ASIAI0B)
Imported 'GUID: 2d68391cb3f74b2c93616b2a26d7b85f' -> (Import Result ID: '8af6e3306694a8348fef8bd827a18124') in 0.005 seconds [static and dynamic dependencies]. Details - ImportResultOutputID=8e4520615336b727f974a0a3c2705533 DependenciesID=8e53c3c0d0a01af05f9f551ad59411fa StaticDependenciesID=38114beebe8c6b8ee0085c09dd3b0887 
Number of updated asset objects reloaded before import = 0
Number of asset objects unloaded after import = 1
========================================================================
Received Import Request.
  Time of request: 2026-09-29T14:18:05.6964918Z
  Time since last request: 0.0003345 seconds.
  importAddress: GUID: db750325989564987a34393247d883b4 - Path: Packages/com.unity.2d.sprite/Editor/ObjectMenuCreation/DefaultAssets/Textures/SquareWithBorder.png - Importer: ScriptedImporter/UnityEditor.QuickSearchModule:UnityEditor.Search:ASIAI0B
Importing 'GUID: db750325989564987a34393247d883b4 - Path: Packages/com.unity.2d.sprite/Editor/ObjectMenuCreation/DefaultAssets/Textures/SquareWithBorder.png - Importer: ScriptedImporter/UnityEditor.QuickSearchModule:UnityEditor.Search:ASIAI0B' with importer (ScriptedImporter : UnityEditor.QuickSearchModule:UnityEditor.Search:ASIAI0B)
Imported 'GUID: db750325989564987a34393247d883b4' -> (Import Result ID: '3d82117846ccfdfa5634724d26fdd7cd') in 0.014 seconds [static and dynamic dependencies]. Details - ImportResultOutputID=c55554a2f9c885ca44834952fe68c7c9 DependenciesID=0062ad4e393e1cfc4b96a9be08375b44 StaticDependenciesID=49bcffadace473aab9e735eba8331f38 
Number of updated asset objects reloaded before import = 0
Number of asset objects unloaded after import = 3
========================================================================
Received Import Request.
  Time of request: 2026-09-29T14:18:05.7106186Z
  Time since last request: 0.0002767 seconds.
  importAddress: GUID: 687acdc95675db149bf5de5771ecac18 - Path: Packages/com.unity.2d.sprite/Editor/SpriteEditor/SpriteEditorWindow.cs - Importer: ScriptedImporter/UnityEditor.QuickSearchModule:UnityEditor.Search:ASIAI0B
Importing 'GUID: 687acdc95675db149bf5de5771ecac18 - Path: Packages/com.unity.2d.sprite/Editor/SpriteEditor/SpriteEditorWindow.cs - Importer: ScriptedImporter/UnityEditor.QuickSearchModule:UnityEditor.Search:ASIAI0B' with importer (ScriptedImporter : UnityEditor.QuickSearchModule:UnityEditor.Search:ASIAI0B)
Imported 'GUID: 687acdc95675db149bf5de5771ecac18' -> (Import Result ID: 'f8ea590cd00def9b388cb2de66167322') in 0.004 seconds [static and dynamic dependencies]. Details - ImportResultOutputID=2ff2312b59d1b0f19f042d65917cb9c5 DependenciesID=8e0821b18518f605b28c2dfe351a5773 StaticDependenciesID=8db62418e723fca95dca8bf5acf7e918 
Number of updated asset objects reloaded before import = 0
Number of asset objects unloaded after import = 0
========================================================================
Received Import Request.
  Time of request: 2026-09-29T14:18:05.7157301Z
  Time since last request: 0.0003758 seconds.
  importAddress: GUID: 207ee8102dd4143d288186ef0be518ee - Path: Packages/com.unity.2d.sprite/Editor/ObjectMenuCreation/DefaultAssets/Textures/v2/Capsule.png - Importer: ScriptedImporter/UnityEditor.QuickSearchModule:UnityEditor.Search:ASIAI0B
Importing 'GUID: 207ee8102dd4143d288186ef0be518ee - Path: Packages/com.unity.2d.sprite/Editor/ObjectMenuCreation/DefaultAssets/Textures/v2/Capsule.png - Importer: ScriptedImporter/UnityEditor.QuickSearchModule:UnityEditor.Search:ASIAI0B' with importer (ScriptedImporter : UnityEditor.QuickSearchModule:UnityEditor.Search:ASIAI0B)
Imported 'GUID: 207ee8102dd4143d288186ef0be518ee' -> (Import Result ID: '3171e0cfbf9396147c5738941939a4e1') in 0.015 seconds [static and dynamic dependencies]. Details - ImportResultOutputID=be3fc80a3a4e7af2671b4dcfd31376ce DependenciesID=a2efc3481822760e3da1f4c3c618e81b StaticDependenciesID=e5a39dccaf6540e392ce674bbaec6c9c 
Number of updated asset objects reloaded before import = 0
Number of asset objects unloaded after import = 3
========================================================================
Received Import Request.
  Time of request: 2026-09-29T14:18:05.7310748Z
  Time since last request: 0.0002959 seconds.
  importAddress: GUID: 87aaca0a643d54397ba969dab4fc8875 - Path: Packages/com.unity.2d.sprite/Editor/ObjectMenuCreation/DefaultAssets/Textures/CircleMask.png - Importer: ScriptedImporter/UnityEditor.QuickSearchModule:UnityEditor.Search:ASIAI0B
Importing 'GUID: 87aaca0a643d54397ba969dab4fc8875 - Path: Packages/com.unity.2d.sprite/Editor/ObjectMenuCreation/DefaultAssets/Textures/CircleMask.png - Importer: ScriptedImporter/UnityEditor.QuickSearchModule:UnityEditor.Search:ASIAI0B' with importer (ScriptedImporter : UnityEditor.QuickSearchModule:UnityEditor.Search:ASIAI0B)
Imported 'GUID: 87aaca0a643d54397ba969dab4fc8875' -> (Import Result ID: 'b9ef6b1fa850caebde4dbd615e6cc33d') in 0.018 seconds [static and dynamic dependencies]. Details - ImportResultOutputID=6eed216cf56763ee91a2da4decdf1c2a DependenciesID=0e39c09158517eaaee04c6b3f302dfe0 StaticDependenciesID=4f9ab38c41cb51f0322082666970fb73 
Number of updated asset objects reloaded before import = 0
Number of asset objects unloaded after import = 3
========================================================================
Received Import Request.
  Time of request: 2026-09-29T14:18:05.7499165Z
  Time since last request: 0.0002116 seconds.
  importAddress: GUID: 35f4ee23cc5e408190298151beab219a - Path: Packages/com.unity.2d.sprite/Editor/UI/SpriteEditor/SpriteEditorToolbar.uss - Importer: ScriptedImporter/UnityEditor.QuickSearchModule:UnityEditor.Search:ASIAI0B
Importing 'GUID: 35f4ee23cc5e408190298151beab219a - Path: Packages/com.unity.2d.sprite/Editor/UI/SpriteEditor/SpriteEditorToolbar.uss - Importer: ScriptedImporter/UnityEditor.QuickSearchModule:UnityEditor.Search:ASIAI0B' with importer (ScriptedImporter : UnityEditor.QuickSearchModule:UnityEditor.Search:ASIAI0B)
Imported 'GUID: 35f4ee23cc5e408190298151beab219a' -> (Import Result ID: '145f987b6408db7d7f7d9e622f44aef5') in 0.013 seconds [static and dynamic dependencies]. Details - ImportResultOutputID=1b44148f8880d0e32255ddce22e75257 DependenciesID=1b104c426adcd9e23a630f41227245e8 StaticDependenciesID=6db3de05a075e12f2d383548cc124547 
Number of updated asset objects reloaded before import = 0
Number of asset objects unloaded after import = 1
========================================================================
Received Import Request.
  Time of request: 2026-09-29T14:18:05.7637443Z
  Time since last request: 0.0003351 seconds.
  importAddress: GUID: 453cfcbf89b424ad9a293b19d1e3d4bb - Path: Packages/com.unity.2d.sprite/Editor/UI/SpriteEditor/SpriteOutlineToolOverlayPanelStyle.uss - Importer: ScriptedImporter/UnityEditor.QuickSearchModule:UnityEditor.Search:ASIAI0B
Importing 'GUID: 453cfcbf89b424ad9a293b19d1e3d4bb - Path: Packages/com.unity.2d.sprite/Editor/UI/SpriteEditor/SpriteOutlineToolOverlayPanelStyle.uss - Importer: ScriptedImporter/UnityEditor.QuickSearchModule:UnityEditor.Search:ASIAI0B' with importer (ScriptedImporter : UnityEditor.QuickSearchModule:UnityEditor.Search:ASIAI0B)
Imported 'GUID: 453cfcbf89b424ad9a293b19d1e3d4bb' -> (Import Result ID: '1a796099f9315e40f8a22728ccdae641') in 0.006 seconds [static and dynamic dependencies]. Details - ImportResultOutputID=50907054fef48a2118e11b2bc3ce20be DependenciesID=fd339374072dec3da25811c9e82ac1fb StaticDependenciesID=28b4236003f5b6537af9a6e04473cb7f 
Number of updated asset objects reloaded before import = 0
Number of asset objects unloaded after import = 1
========================================================================
Received Import Request.
  Time of request: 2026-09-29T14:18:05.770034Z
  Time since last request: 0.0003097 seconds.
  importAddress: GUID: 74d9036aa1bb14ccfafb89d639870288 - Path: Packages/com.unity.2d.sprite/Editor/Assets/d_SpriteEditor@2x.png - Importer: ScriptedImporter/UnityEditor.QuickSearchModule:UnityEditor.Search:ASIAI0B
Importing 'GUID: 74d9036aa1bb14ccfafb89d639870288 - Path: Packages/com.unity.2d.sprite/Editor/Assets/d_SpriteEditor@2x.png - Importer: ScriptedImporter/UnityEditor.QuickSearchModule:UnityEditor.Search:ASIAI0B' with importer (ScriptedImporter : UnityEditor.QuickSearchModule:UnityEditor.Search:ASIAI0B)
Imported 'GUID: 74d9036aa1bb14ccfafb89d639870288' -> (Import Result ID: '1b8436136a0c6b5fd8dd974097508e04') in 0.011 seconds [static and dynamic dependencies]. Details - ImportResultOutputID=f45d3b52f752bf2c8e689a03c605f40c DependenciesID=3c91b4f800a75b2c75ccc6f23278e053 StaticDependenciesID=e7dd2559d840a4bff345bcbe69f3c8fa 
Number of updated asset objects reloaded before import = 0
Number of asset objects unloaded after import = 1
========================================================================
Received Import Request.
  Time of request: 2026-09-29T14:18:05.7935838Z
  Time since last request: 0.0126169 seconds.
  importAddress: GUID: b8f7402084fe2cf4d884952adeac1114 - Path: Packages/com.unity.2d.sprite/Editor/UI/SpriteEditor - Importer: ScriptedImporter/UnityEditor.QuickSearchModule:UnityEditor.Search:ASIAI0B
Importing 'GUID: b8f7402084fe2cf4d884952adeac1114 - Path: Packages/com.unity.2d.sprite/Editor/UI/SpriteEditor - Importer: ScriptedImporter/UnityEditor.QuickSearchModule:UnityEditor.Search:ASIAI0B' with importer (ScriptedImporter : UnityEditor.QuickSearchModule:UnityEditor.Search:ASIAI0B)
Imported 'GUID: b8f7402084fe2cf4d884952adeac1114' -> (Import Result ID: 'af9607d7f19fbd807fc5fe22017438ce') in 0.006 seconds [static and dynamic dependencies]. Details - ImportResultOutputID=302c737d8455360c92ea87ec5bda6353 DependenciesID=571f57b4acf9ae4ece5d5279b73d31b3 StaticDependenciesID=a8f0dc41b5d3c571064b993b9bc102aa 
Number of updated asset objects reloaded before import = 0
Number of asset objects unloaded after import = 1
========================================================================
Received Import Request.
  Time of request: 2026-09-29T14:18:05.7999533Z
  Time since last request: 0.0002507 seconds.
  importAddress: GUID: 5aa8b770bc43046bc8d993d0d5b7f4a5 - Path: Packages/com.unity.2d.sprite/Editor/ObjectMenuCreation/DefaultAssets/Textures/v2/HexagonPointTop.png - Importer: ScriptedImporter/UnityEditor.QuickSearchModule:UnityEditor.Search:ASIAI0B
Importing 'GUID: 5aa8b770bc43046bc8d993d0d5b7f4a5 - Path: Packages/com.unity.2d.sprite/Editor/ObjectMenuCreation/DefaultAssets/Textures/v2/HexagonPointTop.png - Importer: ScriptedImporter/UnityEditor.QuickSearchModule:UnityEditor.Search:ASIAI0B' with importer (ScriptedImporter : UnityEditor.QuickSearchModule:UnityEditor.Search:ASIAI0B)
Imported 'GUID: 5aa8b770bc43046bc8d993d0d5b7f4a5' -> (Import Result ID: '0dd9a18c2cf4ca6b1a8f47b859e9c2c1') in 0.012 seconds [static and dynamic dependencies]. Details - ImportResultOutputID=df697f8d0dc43ae0f9abf8d039fb203e DependenciesID=70de0070eb7ec0284ba45ea7f52bcc08 StaticDependenciesID=86a4da3ba71525c807b75e722de1b93e 
Number of updated asset objects reloaded before import = 0
Number of asset objects unloaded after import = 3
========================================================================
Received Import Request.
  Time of request: 2026-09-29T14:18:05.8123065Z
  Time since last request: 0.0003191 seconds.
  importAddress: GUID: addca83ddeeb2624b971c569fc64e6e8 - Path: Packages/com.unity.2d.sprite/Editor/ShapeEditor/ShapeEditorRectSelection.cs - Importer: ScriptedImporter/UnityEditor.QuickSearchModule:UnityEditor.Search:ASIAI0B
Importing 'GUID: addca83ddeeb2624b971c569fc64e6e8 - Path: Packages/com.unity.2d.sprite/Editor/ShapeEditor/ShapeEditorRectSelection.cs - Importer: ScriptedImporter/UnityEditor.QuickSearchModule:UnityEditor.Search:ASIAI0B' with importer (ScriptedImporter : UnityEditor.QuickSearchModule:UnityEditor.Search:ASIAI0B)
Imported 'GUID: addca83ddeeb2624b971c569fc64e6e8' -> (Import Result ID: 'f54a0f460d72b7e195e0eb7a6f39511e') in 0.004 seconds [static and dynamic dependencies]. Details - ImportResultOutputID=f5e6aa7cfab61cf9a748dbcb50debc7e DependenciesID=ba216b9cc9cdd38eb7dc1aca2a93ffd3 StaticDependenciesID=e950241ebb08408b3e93596a1eafbe2b 
Number of updated asset objects reloaded before import = 0
Number of asset objects unloaded after import = 0
========================================================================
Received Import Request.
  Time of request: 2026-09-29T14:18:05.817192Z
  Time since last request: 0.0003234 seconds.
  importAddress: GUID: 2c573e6b271651846a79655161004c5b - Path: Packages/com.unity.2d.sprite/Editor/Unity.2D.Sprite.Editor.asmdef - Importer: ScriptedImporter/UnityEditor.QuickSearchModule:UnityEditor.Search:ASIAI0B
Importing 'GUID: 2c573e6b271651846a79655161004c5b - Path: Packages/com.unity.2d.sprite/Editor/Unity.2D.Sprite.Editor.asmdef - Importer: ScriptedImporter/UnityEditor.QuickSearchModule:UnityEditor.Search:ASIAI0B' with importer (ScriptedImporter : UnityEditor.QuickSearchModule:UnityEditor.Search:ASIAI0B)
Imported 'GUID: 2c573e6b271651846a79655161004c5b' -> (Import Result ID: '935f937ea9db6d58400536ad23206ba9') in 0.006 seconds [static and dynamic dependencies]. Details - ImportResultOutputID=61e058e5e99dfaeb66e31b1b009c1ed9 DependenciesID=54634c6ff832d421f76d4912c0d37427 StaticDependenciesID=a376fff8a51409b3f1ae871f264887d8 
Number of updated asset objects reloaded before import = 0
Number of asset objects unloaded after import = 1
========================================================================
Received Import Request.
  Time of request: 2026-09-29T14:18:05.8247396Z
  Time since last request: 0.0008156 seconds.
  importAddress: GUID: c6d716fa0b248974ba279fc9660ff779 - Path: Packages/com.unity.2d.sprite/Editor/SpriteEditorModule/TextureImporterDataProviderImplementation.cs - Importer: ScriptedImporter/UnityEditor.QuickSearchModule:UnityEditor.Search:ASIAI0B
Importing 'GUID: c6d716fa0b248974ba279fc9660ff779 - Path: Packages/com.unity.2d.sprite/Editor/SpriteEditorModule/TextureImporterDataProviderImplementation.cs - Importer: ScriptedImporter/UnityEditor.QuickSearchModule:UnityEditor.Search:ASIAI0B' with importer (ScriptedImporter : UnityEditor.QuickSearchModule:UnityEditor.Search:ASIAI0B)
Imported 'GUID: c6d716fa0b248974ba279fc9660ff779' -> (Import Result ID: 'a61a32a283c7d851de52cc427f071c6c') in 0.008 seconds [static and dynamic dependencies]. Details - ImportResultOutputID=52e25d4c3accb8821694db7e20269bc3 DependenciesID=4331ea6e12fabc9749ed329b56f735d1 StaticDependenciesID=f77af339f97e4fa3da03e18e9b1ce371 
Number of updated asset objects reloaded before import = 0
Number of asset objects unloaded after import = 0
========================================================================
Received Import Request.
  Time of request: 2026-09-29T14:18:05.833289Z
  Time since last request: 0.000344 seconds.
  importAddress: GUID: 30059556ae90a4efebfdb2c9ed884dd1 - Path: Packages/com.unity.2d.sprite/Editor/ObjectMenuCreation/ItemCreationUtility.cs - Importer: ScriptedImporter/UnityEditor.QuickSearchModule:UnityEditor.Search:ASIAI0B
Importing 'GUID: 30059556ae90a4efebfdb2c9ed884dd1 - Path: Packages/com.unity.2d.sprite/Editor/ObjectMenuCreation/ItemCreationUtility.cs - Importer: ScriptedImporter/UnityEditor.QuickSearchModule:UnityEditor.Search:ASIAI0B' with importer (ScriptedImporter : UnityEditor.QuickSearchModule:UnityEditor.Search:ASIAI0B)
Imported 'GUID: 30059556ae90a4efebfdb2c9ed884dd1' -> (Import Result ID: '11a8d0a0860a282646423afb636dd9c9') in 0.005 seconds [static and dynamic dependencies]. Details - ImportResultOutputID=cbbc7257ec23e059f64663c0378653ef DependenciesID=3372dfbf6c72face8b882017d694c28a StaticDependenciesID=929be0ec8f80f918d993953ba44886a4 
Number of updated asset objects reloaded before import = 0
Number of asset objects unloaded after import = 0
========================================================================
Received Import Request.
  Time of request: 2026-09-29T14:18:05.8389848Z
  Time since last request: 0.0003687 seconds.
  importAddress: GUID: 3df425822b2a4161887e07035662ca58 - Path: Packages/com.unity.2d.sprite/Editor/SpriteEditorModule/SpriteFrameModule/Overlay/SpriteFrameModeOverlay.cs - Importer: ScriptedImporter/UnityEditor.QuickSearchModule:UnityEditor.Search:ASIAI0B
Importing 'GUID: 3df425822b2a4161887e07035662ca58 - Path: Packages/com.unity.2d.sprite/Editor/SpriteEditorModule/SpriteFrameModule/Overlay/SpriteFrameModeOverlay.cs - Importer: ScriptedImporter/UnityEditor.QuickSearchModule:UnityEditor.Search:ASIAI0B' with importer (ScriptedImporter : UnityEditor.QuickSearchModule:UnityEditor.Search:ASIAI0B)
Imported 'GUID: 3df425822b2a4161887e07035662ca58' -> (Import Result ID: '6694bd37731e83526a3e10a082a3f1d8') in 0.007 seconds [static and dynamic dependencies]. Details - ImportResultOutputID=36c6d66d80a016e6380903f501928a2d DependenciesID=2eac11534f32292ef4462242a62403fe StaticDependenciesID=12228c9fe8ba654d0a7ba496ac96035a 
Number of updated asset objects reloaded before import = 0
Number of asset objects unloaded after import = 0
========================================================================
Received Import Request.
  Time of request: 2026-09-29T14:18:05.8467244Z
  Time since last request: 0.0006411 seconds.
  importAddress: GUID: da5aa6ed6c9fc4b049dffa3da57eaf7b - Path: Packages/com.unity.2d.sprite/Editor/Assets/LockedOptions@2x.png - Importer: ScriptedImporter/UnityEditor.QuickSearchModule:UnityEditor.Search:ASIAI0B
Importing 'GUID: da5aa6ed6c9fc4b049dffa3da57eaf7b - Path: Packages/com.unity.2d.sprite/Editor/Assets/LockedOptions@2x.png - Importer: ScriptedImporter/UnityEditor.QuickSearchModule:UnityEditor.Search:ASIAI0B' with importer (ScriptedImporter : UnityEditor.QuickSearchModule:UnityEditor.Search:ASIAI0B)
Imported 'GUID: da5aa6ed6c9fc4b049dffa3da57eaf7b' -> (Import Result ID: '147204bd291a4e55dd2c10b8e7375c1a') in 0.011 seconds [static and dynamic dependencies]. Details - ImportResultOutputID=706df956d7178a251502a59aded7d11e DependenciesID=9466d2910b5ce804e3f69310c274915b StaticDependenciesID=34ad08608b61ccfbe8a1ba9d60d203d0 
Number of updated asset objects reloaded before import = 0
Number of asset objects unloaded after import = 1
========================================================================
Received Import Request.
  Time of request: 2026-09-29T14:18:05.8584131Z
  Time since last request: 0.000568 seconds.
  importAddress: GUID: 52648b72c7bef2040bf0cfa8dd0f74da - Path: Packages/com.unity.2d.sprite/Tests/Editor/Unity.2D.Sprite.Package.EditorTests.asmdef - Importer: ScriptedImporter/UnityEditor.QuickSearchModule:UnityEditor.Search:ASIAI0B
Importing 'GUID: 52648b72c7bef2040bf0cfa8dd0f74da - Path: Packages/com.unity.2d.sprite/Tests/Editor/Unity.2D.Sprite.Package.EditorTests.asmdef - Importer: ScriptedImporter/UnityEditor.QuickSearchModule:UnityEditor.Search:ASIAI0B' with importer (ScriptedImporter : UnityEditor.QuickSearchModule:UnityEditor.Search:ASIAI0B)
Imported 'GUID: 52648b72c7bef2040bf0cfa8dd0f74da' -> (Import Result ID: '3866a58fd63a5b5483c32030aff86bbf') in 0.005 seconds [static and dynamic dependencies]. Details - ImportResultOutputID=69232cbd223cfa74bf75d4aa2b553311 DependenciesID=ae9c8d56ae4ffa8a0b9426a6fc3c5c3d StaticDependenciesID=7d51790550758517ab542d96d1af516e 
Number of updated asset objects reloaded before import = 0
Number of asset objects unloaded after import = 1
========================================================================
Received Import Request.
  Time of request: 2026-09-29T14:18:05.8655418Z
  Time since last request: 0.0006294 seconds.
  importAddress: GUID: 3f03c59d42c144a89743fbad7c07fbd3 - Path: Packages/com.unity.2d.sprite/Editor/SpriteEditorModule/SpriteFrameModule/UndoObject/EditCapabilityUndoObject.cs - Importer: ScriptedImporter/UnityEditor.QuickSearchModule:UnityEditor.Search:ASIAI0B
Importing 'GUID: 3f03c59d42c144a89743fbad7c07fbd3 - Path: Packages/com.unity.2d.sprite/Editor/SpriteEditorModule/SpriteFrameModule/UndoObject/EditCapabilityUndoObject.cs - Importer: ScriptedImporter/UnityEditor.QuickSearchModule:UnityEditor.Search:ASIAI0B' with importer (ScriptedImporter : UnityEditor.QuickSearchModule:UnityEditor.Search:ASIAI0B)
Imported 'GUID: 3f03c59d42c144a89743fbad7c07fbd3' -> (Import Result ID: 'b91ae6dbc957be0ea7b241521fda1a3d') in 0.009 seconds [static and dynamic dependencies]. Details - ImportResultOutputID=f86b1fd99647972f15aff73a698b4577 DependenciesID=593e3ed7dc9f2137cf7ccefc44311417 StaticDependenciesID=c964783521af9eed7525df84872e7537 
Number of updated asset objects reloaded before import = 0
Number of asset objects unloaded after import = 0
========================================================================
Received Import Request.
  Time of request: 2026-09-29T14:18:05.8758611Z
  Time since last request: 0.0006647 seconds.
  importAddress: GUID: 6c7e9115f7d147358afe5f37134801db - Path: Packages/com.unity.2d.sprite/Editor/UI/SpriteEditor/SpriteFrameCapabilityWindow.uss - Importer: ScriptedImporter/UnityEditor.QuickSearchModule:UnityEditor.Search:ASIAI0B
Importing 'GUID: 6c7e9115f7d147358afe5f37134801db - Path: Packages/com.unity.2d.sprite/Editor/UI/SpriteEditor/SpriteFrameCapabilityWindow.uss - Importer: ScriptedImporter/UnityEditor.QuickSearchModule:UnityEditor.Search:ASIAI0B' with importer (ScriptedImporter : UnityEditor.QuickSearchModule:UnityEditor.Search:ASIAI0B)
Imported 'GUID: 6c7e9115f7d147358afe5f37134801db' -> (Import Result ID: '5ced52b6b3344789c3133e81a4afa010') in 0.011 seconds [static and dynamic dependencies]. Details - ImportResultOutputID=77424407497abeb18245fefd7c996f1f DependenciesID=0d935352128b946314b166e2c3c84ebe StaticDependenciesID=f6e982f2d12566cda112b4d43af45287 
Number of updated asset objects reloaded before import = 0
Number of asset objects unloaded after import = 1
========================================================================
Received Import Request.
  Time of request: 2026-09-29T14:18:05.8869969Z
  Time since last request: 0.0001659 seconds.
  importAddress: GUID: e31c136ab48c1194184380e435f3936d - Path: Packages/com.unity.2d.sprite/README.md - Importer: ScriptedImporter/UnityEditor.QuickSearchModule:UnityEditor.Search:ASIAI0B
Importing 'GUID: e31c136ab48c1194184380e435f3936d - Path: Packages/com.unity.2d.sprite/README.md - Importer: ScriptedImporter/UnityEditor.QuickSearchModule:UnityEditor.Search:ASIAI0B' with importer (ScriptedImporter : UnityEditor.QuickSearchModule:UnityEditor.Search:ASIAI0B)
Imported 'GUID: e31c136ab48c1194184380e435f3936d' -> (Import Result ID: '76bbf9a27e23e301aa507b1fef5c88b5') in 0.007 seconds [static and dynamic dependencies]. Details - ImportResultOutputID=4fc4fa9091ebc6c95691f71cc3de0b8d DependenciesID=233a941cc19453871668aaaac3591ed6 StaticDependenciesID=8f2ceae139d469f71c4c798056bf546b 
Number of updated asset objects reloaded before import = 0
Number of asset objects unloaded after import = 1
========================================================================
Received Import Request.
  Time of request: 2026-09-29T14:18:05.8949076Z
  Time since last request: 0.0004799 seconds.
  importAddress: GUID: ccbbef892d435144aa8a0f9fd5ccee51 - Path: Packages/com.unity.2d.sprite/Editor/ShapeEditor - Importer: ScriptedImporter/UnityEditor.QuickSearchModule:UnityEditor.Search:ASIAI0B
Importing 'GUID: ccbbef892d435144aa8a0f9fd5ccee51 - Path: Packages/com.unity.2d.sprite/Editor/ShapeEditor - Importer: ScriptedImporter/UnityEditor.QuickSearchModule:UnityEditor.Search:ASIAI0B' with importer (ScriptedImporter : UnityEditor.QuickSearchModule:UnityEditor.Search:ASIAI0B)
Imported 'GUID: ccbbef892d435144aa8a0f9fd5ccee51' -> (Import Result ID: '8b101ef73e014e8ffeee685a6bcb4ec3') in 0.005 seconds [static and dynamic dependencies]. Details - ImportResultOutputID=4760d5cac063e2f58dd53d8f3f4a34c3 DependenciesID=58a62151418f3c3a9c26be1059f37cf5 StaticDependenciesID=aa35a568ee0ba96c142cd6acf6616288 
Number of updated asset objects reloaded before import = 0
Number of asset objects unloaded after import = 1
========================================================================
Received Import Request.
  Time of request: 2026-09-29T14:18:05.9008319Z
  Time since last request: 0.0003512 seconds.
  importAddress: GUID: a86470a33a6bf42c4b3595704624658b - Path: Packages/com.unity.2d.sprite/Editor/ObjectMenuCreation/DefaultAssets/Textures/v2/Circle.png - Importer: ScriptedImporter/UnityEditor.QuickSearchModule:UnityEditor.Search:ASIAI0B
Importing 'GUID: a86470a33a6bf42c4b3595704624658b - Path: Packages/com.unity.2d.sprite/Editor/ObjectMenuCreation/DefaultAssets/Textures/v2/Circle.png - Importer: ScriptedImporter/UnityEditor.QuickSearchModule:UnityEditor.Search:ASIAI0B' with importer (ScriptedImporter : UnityEditor.QuickSearchModule:UnityEditor.Search:ASIAI0B)
Imported 'GUID: a86470a33a6bf42c4b3595704624658b' -> (Import Result ID: 'b2be95c668f610f8a35afb722dfa930c') in 0.013 seconds [static and dynamic dependencies]. Details - ImportResultOutputID=0593de45652edfbc581e10bfb5f97efb DependenciesID=38f9a3507040b44f4f9a6590d398ac20 StaticDependenciesID=ac46939f301602a06180bb54ae1f105f 
Number of updated asset objects reloaded before import = 0
Number of asset objects unloaded after import = 3
========================================================================
Received Import Request.
  Time of request: 2026-09-29T14:18:05.9141264Z
  Time since last request: 0.0002833 seconds.
  importAddress: GUID: 045b15ec09bba42448d89db77fa6f20a - Path: Packages/com.unity.2d.sprite/Editor/ObjectMenuCreation/DefaultAssets/Textures/IsometricDiamond.png - Importer: ScriptedImporter/UnityEditor.QuickSearchModule:UnityEditor.Search:ASIAI0B
Importing 'GUID: 045b15ec09bba42448d89db77fa6f20a - Path: Packages/com.unity.2d.sprite/Editor/ObjectMenuCreation/DefaultAssets/Textures/IsometricDiamond.png - Importer: ScriptedImporter/UnityEditor.QuickSearchModule:UnityEditor.Search:ASIAI0B' with importer (ScriptedImporter : UnityEditor.QuickSearchModule:UnityEditor.Search:ASIAI0B)
Imported 'GUID: 045b15ec09bba42448d89db77fa6f20a' -> (Import Result ID: '1a6f6d75aaa87a17b31df21485d6fa00') in 0.091 seconds [static and dynamic dependencies]. Details - ImportResultOutputID=89b7646dafbccd5e0b3958e233f3c329 DependenciesID=f427394f1d413273d16507f7a60450a0 StaticDependenciesID=212257114d23baad7410392199ba40ef 
Number of updated asset objects reloaded before import = 0
Number of asset objects unloaded after import = 3
========================================================================
Received Import Request.
  Time of request: 2026-09-29T14:18:06.0054925Z
  Time since last request: 0.0003521 seconds.
  importAddress: GUID: b1c7f0c50b0c1d7458d2d0a50ebfefef - Path: Packages/com.unity.2d.sprite/Editor/Interface - Importer: ScriptedImporter/UnityEditor.QuickSearchModule:UnityEditor.Search:ASIAI0B
Importing 'GUID: b1c7f0c50b0c1d7458d2d0a50ebfefef - Path: Packages/com.unity.2d.sprite/Editor/Interface - Importer: ScriptedImporter/UnityEditor.QuickSearchModule:UnityEditor.Search:ASIAI0B' with importer (ScriptedImporter : UnityEditor.QuickSearchModule:UnityEditor.Search:ASIAI0B)
Imported 'GUID: b1c7f0c50b0c1d7458d2d0a50ebfefef' -> (Import Result ID: '338104aa7cd6a2fd96f78437398ad151') in 0.037 seconds [static and dynamic dependencies]. Details - ImportResultOutputID=2ec9a64b0b980b7904bc7760e0df085f DependenciesID=e43e9ea7af359a98b448c68c19d952ef StaticDependenciesID=3410faa5d783a9122bb36d906e9e6798 
Number of updated asset objects reloaded before import = 0
Number of asset objects unloaded after import = 1
========================================================================
Received Import Request.
  Time of request: 2026-09-29T14:18:06.0427639Z
  Time since last request: 0.0003439 seconds.
  importAddress: GUID: 0d267bc78a0864eb48358689b29ed20a - Path: Packages/com.unity.2d.sprite/Editor/ObjectMenuCreation/DefaultAssets/Textures/IsometricDiamondWithBorder.png - Importer: ScriptedImporter/UnityEditor.QuickSearchModule:UnityEditor.Search:ASIAI0B
Importing 'GUID: 0d267bc78a0864eb48358689b29ed20a - Path: Packages/com.unity.2d.sprite/Editor/ObjectMenuCreation/DefaultAssets/Textures/IsometricDiamondWithBorder.png - Importer: ScriptedImporter/UnityEditor.QuickSearchModule:UnityEditor.Search:ASIAI0B' with importer (ScriptedImporter : UnityEditor.QuickSearchModule:UnityEditor.Search:ASIAI0B)
Imported 'GUID: 0d267bc78a0864eb48358689b29ed20a' -> (Import Result ID: '728a64f15180f3d0b1b4daf3739ccece') in 0.013 seconds [static and dynamic dependencies]. Details - ImportResultOutputID=bcacf350930b0860c9c05ca2b8e3f3c7 DependenciesID=2cd2ec55afd0be7515555e3603fd919b StaticDependenciesID=fe9121500af363502edd892f70b225d0 
Number of updated asset objects reloaded before import = 0
Number of asset objects unloaded after import = 3
========================================================================
Received Import Request.
  Time of request: 2026-09-29T14:18:06.0561584Z
  Time since last request: 0.0003788 seconds.
  importAddress: GUID: 34587324d412940a79d530020c957dc0 - Path: Packages/com.unity.2d.sprite/Editor/ObjectMenuCreation/DefaultAssets/Textures/CapsuleWithBorder.png - Importer: ScriptedImporter/UnityEditor.QuickSearchModule:UnityEditor.Search:ASIAI0B
Importing 'GUID: 34587324d412940a79d530020c957dc0 - Path: Packages/com.unity.2d.sprite/Editor/ObjectMenuCreation/DefaultAssets/Textures/CapsuleWithBorder.png - Importer: ScriptedImporter/UnityEditor.QuickSearchModule:UnityEditor.Search:ASIAI0B' with importer (ScriptedImporter : UnityEditor.QuickSearchModule:UnityEditor.Search:ASIAI0B)
Imported 'GUID: 34587324d412940a79d530020c957dc0' -> (Import Result ID: '4504261b8d74ed8481f5cdddb6cfb44e') in 0.016 seconds [static and dynamic dependencies]. Details - ImportResultOutputID=e3d750128cedadcc881945bd09f8be6e DependenciesID=200fdd4e8973e6a4e2cbd737ead3b558 StaticDependenciesID=b02b596d4320847dc4f403a408e84321 
Number of updated asset objects reloaded before import = 0
Number of asset objects unloaded after import = 3
========================================================================
Received Import Request.
  Time of request: 2026-09-29T14:18:06.0730688Z
  Time since last request: 0.0005358 seconds.
  importAddress: GUID: 40bde776259d14327bcda6275f7c21b3 - Path: Packages/com.unity.2d.sprite/Editor/Assets/d_LockedOptions.png - Importer: ScriptedImporter/UnityEditor.QuickSearchModule:UnityEditor.Search:ASIAI0B
Importing 'GUID: 40bde776259d14327bcda6275f7c21b3 - Path: Packages/com.unity.2d.sprite/Editor/Assets/d_LockedOptions.png - Importer: ScriptedImporter/UnityEditor.QuickSearchModule:UnityEditor.Search:ASIAI0B' with importer (ScriptedImporter : UnityEditor.QuickSearchModule:UnityEditor.Search:ASIAI0B)
Imported 'GUID: 40bde776259d14327bcda6275f7c21b3' -> (Import Result ID: '4ec5ca0c3ebf836f16ff20dcda337d30') in 0.013 seconds [static and dynamic dependencies]. Details - ImportResultOutputID=0fa802cd60ed40391e309ccc185b3525 DependenciesID=f714d5d153323532ec47ed2496d6b52f StaticDependenciesID=9fc4887c53e10146ecc94f2d74f7ced2 
Number of updated asset objects reloaded before import = 0
Number of asset objects unloaded after import = 1
========================================================================
Received Import Request.
  Time of request: 2026-09-29T14:18:06.0865032Z
  Time since last request: 0.0003099 seconds.
  importAddress: GUID: 03dd6911110407b418a3e5d3f0c473af - Path: Packages/com.unity.2d.sprite/Editor/AssemblyInfo.cs - Importer: ScriptedImporter/UnityEditor.QuickSearchModule:UnityEditor.Search:ASIAI0B
Importing 'GUID: 03dd6911110407b418a3e5d3f0c473af - Path: Packages/com.unity.2d.sprite/Editor/AssemblyInfo.cs - Importer: ScriptedImporter/UnityEditor.QuickSearchModule:UnityEditor.Search:ASIAI0B' with importer (ScriptedImporter : UnityEditor.QuickSearchModule:UnityEditor.Search:ASIAI0B)
Imported 'GUID: 03dd6911110407b418a3e5d3f0c473af' -> (Import Result ID: 'd341f65b937d580cff6994d2182657a8') in 0.006 seconds [static and dynamic dependencies]. Details - ImportResultOutputID=e54564bd6775e9a613c747a8814d923b DependenciesID=33e9f9bfe379fa7c118d41cefb060c51 StaticDependenciesID=d471326517f338bd8bcfd5e857077c59 
Number of updated asset objects reloaded before import = 0
Number of asset objects unloaded after import = 0
========================================================================
Received Import Request.
  Time of request: 2026-09-29T14:18:06.0934074Z
  Time since last request: 0.0005354 seconds.
  importAddress: GUID: 4b2a04fdbe0ef4d8da8f90eaca817cd1 - Path: Packages/com.unity.2d.sprite/Editor/ObjectMenuCreation/DefaultAssets/Textures/HexagonPointTopWithBorder.png - Importer: ScriptedImporter/UnityEditor.QuickSearchModule:UnityEditor.Search:ASIAI0B
Importing 'GUID: 4b2a04fdbe0ef4d8da8f90eaca817cd1 - Path: Packages/com.unity.2d.sprite/Editor/ObjectMenuCreation/DefaultAssets/Textures/HexagonPointTopWithBorder.png - Importer: ScriptedImporter/UnityEditor.QuickSearchModule:UnityEditor.Search:ASIAI0B' with importer (ScriptedImporter : UnityEditor.QuickSearchModule:UnityEditor.Search:ASIAI0B)
Imported 'GUID: 4b2a04fdbe0ef4d8da8f90eaca817cd1' -> (Import Result ID: 'ab656dffa34354b2958060029500470b') in 0.030 seconds [static and dynamic dependencies]. Details - ImportResultOutputID=7549fe2d415af0f9bb11d37c075c87f9 DependenciesID=4b6d0a7cb802a371eade97d70e67d2c3 StaticDependenciesID=70d31ba3661ccfaeb3b3fdf593621dcb 
Number of updated asset objects reloaded before import = 0
Number of asset objects unloaded after import = 3
========================================================================
Received Import Request.
  Time of request: 2026-09-29T14:18:06.1243289Z
  Time since last request: 0.0003246 seconds.
  importAddress: GUID: 81b5d3841f5c60d4998eaa5628c6f899 - Path: Packages/com.unity.2d.sprite/Editor/SpriteEditorModule/SpriteFrameModule/SpriteFrameModuleView.cs - Importer: ScriptedImporter/UnityEditor.QuickSearchModule:UnityEditor.Search:ASIAI0B
Importing 'GUID: 81b5d3841f5c60d4998eaa5628c6f899 - Path: Packages/com.unity.2d.sprite/Editor/SpriteEditorModule/SpriteFrameModule/SpriteFrameModuleView.cs - Importer: ScriptedImporter/UnityEditor.QuickSearchModule:UnityEditor.Search:ASIAI0B' with importer (ScriptedImporter : UnityEditor.QuickSearchModule:UnityEditor.Search:ASIAI0B)
Imported 'GUID: 81b5d3841f5c60d4998eaa5628c6f899' -> (Import Result ID: '63479047c2cf04b0b765475f9775e043') in 0.007 seconds [static and dynamic dependencies]. Details - ImportResultOutputID=b47e74db399383377ac08fc779d71c38 DependenciesID=4c6a8f4398224e7a5d1d9f0633392387 StaticDependenciesID=5553fc69154ac0bcddb01f67a2e6ab08 
Number of updated asset objects reloaded before import = 0
Number of asset objects unloaded after import = 0
========================================================================
Received Import Request.
  Time of request: 2026-09-29T14:18:06.1324524Z
  Time since last request: 0.0007926 seconds.
  importAddress: GUID: 1727104fdbd44a8493db8c40a5b406b3 - Path: Packages/com.unity.2d.sprite/Editor/SpriteEditorModule/SpriteFrameModule/SpritePivotUtility.cs - Importer: ScriptedImporter/UnityEditor.QuickSearchModule:UnityEditor.Search:ASIAI0B
Importing 'GUID: 1727104fdbd44a8493db8c40a5b406b3 - Path: Packages/com.unity.2d.sprite/Editor/SpriteEditorModule/SpriteFrameModule/SpritePivotUtility.cs - Importer: ScriptedImporter/UnityEditor.QuickSearchModule:UnityEditor.Search:ASIAI0B' with importer (ScriptedImporter : UnityEditor.QuickSearchModule:UnityEditor.Search:ASIAI0B)
Imported 'GUID: 1727104fdbd44a8493db8c40a5b406b3' -> (Import Result ID: '1565b6c95aecfc1b87552bfcfe2e9d16') in 0.006 seconds [static and dynamic dependencies]. Details - ImportResultOutputID=2238a82e582a85e24e818d931e170948 DependenciesID=67d8ba326c7acaa35764c354ab6817d1 StaticDependenciesID=22c8bac26395f8a486e2dda3c9142641 
Number of updated asset objects reloaded before import = 0
Number of asset objects unloaded after import = 0
========================================================================
Received Import Request.
  Time of request: 2026-09-29T14:18:06.140299Z
  Time since last request: 0.0000293 seconds.
  importAddress: GUID: b7007d815829e7644bb81d1f8004a340 - Path: Packages/com.unity.2d.sprite/CHANGELOG.md - Importer: ScriptedImporter/UnityEditor.QuickSearchModule:UnityEditor.Search:ASIAI0B
Importing 'GUID: b7007d815829e7644bb81d1f8004a340 - Path: Packages/com.unity.2d.sprite/CHANGELOG.md - Importer: ScriptedImporter/UnityEditor.QuickSearchModule:UnityEditor.Search:ASIAI0B' with importer (ScriptedImporter : UnityEditor.QuickSearchModule:UnityEditor.Search:ASIAI0B)
Imported 'GUID: b7007d815829e7644bb81d1f8004a340' -> (Import Result ID: '833fe7033e8e77211c54fccf412b512b') in 0.007 seconds [static and dynamic dependencies]. Details - ImportResultOutputID=25caeede9bcb3b4bb529e957c188d344 DependenciesID=8f9e9c2a29e2889fb40a04ffd752222e StaticDependenciesID=950eb92c600e3f7891615f6e73a11b4c 
Number of updated asset objects reloaded before import = 0
Number of asset objects unloaded after import = 1
========================================================================
Received Import Request.
  Time of request: 2026-09-29T14:18:06.1473538Z
  Time since last request: 0.0002562 seconds.
  importAddress: GUID: 16fa2ad734f422245b86558310973ad1 - Path: Packages/com.unity.2d.sprite/Editor - Importer: ScriptedImporter/UnityEditor.QuickSearchModule:UnityEditor.Search:ASIAI0B
Importing 'GUID: 16fa2ad734f422245b86558310973ad1 - Path: Packages/com.unity.2d.sprite/Editor - Importer: ScriptedImporter/UnityEditor.QuickSearchModule:UnityEditor.Search:ASIAI0B' with importer (ScriptedImporter : UnityEditor.QuickSearchModule:UnityEditor.Search:ASIAI0B)
Imported 'GUID: 16fa2ad734f422245b86558310973ad1' -> (Import Result ID: 'f990b92a71a001a22ba4ac7939cbac3b') in 0.005 seconds [static and dynamic dependencies]. Details - ImportResultOutputID=ac74c57be848d32c1af25fe6b6d924e6 DependenciesID=3aa3ae25857ff3db16a2ef31d46abb95 StaticDependenciesID=62a4da9bf759ed5ea689d211ff94f951 
Number of updated asset objects reloaded before import = 0
Number of asset objects unloaded after import = 1
========================================================================
Received Import Request.
  Time of request: 2026-09-29T14:18:06.1531692Z
  Time since last request: 0.0000239 seconds.
  importAddress: GUID: cd39e260c575e3b4785b68fcdfc4c82f - Path: Packages/com.unity.2d.sprite/Editor/Interface/IGL.cs - Importer: ScriptedImporter/UnityEditor.QuickSearchModule:UnityEditor.Search:ASIAI0B
Importing 'GUID: cd39e260c575e3b4785b68fcdfc4c82f - Path: Packages/com.unity.2d.sprite/Editor/Interface/IGL.cs - Importer: ScriptedImporter/UnityEditor.QuickSearchModule:UnityEditor.Search:ASIAI0B' with importer (ScriptedImporter : UnityEditor.QuickSearchModule:UnityEditor.Search:ASIAI0B)
Imported 'GUID: cd39e260c575e3b4785b68fcdfc4c82f' -> (Import Result ID: 'a382648747531a07ae68be331339cd37') in 0.009 seconds [static and dynamic dependencies]. Details - ImportResultOutputID=ab3553c1c7964199a2acd98660d4436f DependenciesID=c0c9858393f3d1b2a9c9475faa8b3d9a StaticDependenciesID=fe83075f80530744ca5e2d00bc1ee6ff 
Number of updated asset objects reloaded before import = 0
Number of asset objects unloaded after import = 0
========================================================================
Received Import Request.
  Time of request: 2026-09-29T14:18:06.1631319Z
  Time since last request: 0.0004187 seconds.
  importAddress: GUID: 8049a27562ef445baa89975bfd0f8bcb - Path: Packages/com.unity.2d.sprite/Editor/SpriteEditorModule/SpriteFrameModule/SpriteFrameCapabilityWindow.cs - Importer: ScriptedImporter/UnityEditor.QuickSearchModule:UnityEditor.Search:ASIAI0B
Importing 'GUID: 8049a27562ef445baa89975bfd0f8bcb - Path: Packages/com.unity.2d.sprite/Editor/SpriteEditorModule/SpriteFrameModule/SpriteFrameCapabilityWindow.cs - Importer: ScriptedImporter/UnityEditor.QuickSearchModule:UnityEditor.Search:ASIAI0B' with importer (ScriptedImporter : UnityEditor.QuickSearchModule:UnityEditor.Search:ASIAI0B)
Imported 'GUID: 8049a27562ef445baa89975bfd0f8bcb' -> (Import Result ID: '80adb3292fb02e21df3f2dd54e1c99d4') in 0.006 seconds [static and dynamic dependencies]. Details - ImportResultOutputID=387a8494b895259fb16309334227b0e9 DependenciesID=a58b268327a910de18694c1a3d14a6b1 StaticDependenciesID=9513ab7fd7b343c10b7a2d814edc6f5a 
Number of updated asset objects reloaded before import = 0
Number of asset objects unloaded after import = 0
========================================================================
Received Import Request.
  Time of request: 2026-09-29T14:18:06.1698107Z
  Time since last request: 0.0004942 seconds.
  importAddress: GUID: 1fb0e05a5ca5a42ba8ffafe439520b8e - Path: Packages/com.unity.2d.sprite/Editor/Assets/SpriteEditorOn@2x.png - Importer: ScriptedImporter/UnityEditor.QuickSearchModule:UnityEditor.Search:ASIAI0B
Importing 'GUID: 1fb0e05a5ca5a42ba8ffafe439520b8e - Path: Packages/com.unity.2d.sprite/Editor/Assets/SpriteEditorOn@2x.png - Importer: ScriptedImporter/UnityEditor.QuickSearchModule:UnityEditor.Search:ASIAI0B' with importer (ScriptedImporter : UnityEditor.QuickSearchModule:UnityEditor.Search:ASIAI0B)
Imported 'GUID: 1fb0e05a5ca5a42ba8ffafe439520b8e' -> (Import Result ID: '83e5f2f3efc6225cca0caddcdb363593') in 0.012 seconds [static and dynamic dependencies]. Details - ImportResultOutputID=0f781b425ed4e70b605b6d8412608ab4 DependenciesID=81d3c218c10033f47a70274112f7c5d3 StaticDependenciesID=805a57bbdb85e67204181442b88349b4 
Number of updated asset objects reloaded before import = 0
Number of asset objects unloaded after import = 1
========================================================================
Received Import Request.
  Time of request: 2026-09-29T14:18:06.1827517Z
  Time since last request: 0.0004841 seconds.
  importAddress: GUID: e79658349ea684b40a48780d33ff6024 - Path: Packages/com.unity.2d.sprite/Editor/SpriteEditorModule/SpriteFrameModule/SpritePolygonModeModule.cs - Importer: ScriptedImporter/UnityEditor.QuickSearchModule:UnityEditor.Search:ASIAI0B
Importing 'GUID: e79658349ea684b40a48780d33ff6024 - Path: Packages/com.unity.2d.sprite/Editor/SpriteEditorModule/SpriteFrameModule/SpritePolygonModeModule.cs - Importer: ScriptedImporter/UnityEditor.QuickSearchModule:UnityEditor.Search:ASIAI0B' with importer (ScriptedImporter : UnityEditor.QuickSearchModule:UnityEditor.Search:ASIAI0B)
Imported 'GUID: e79658349ea684b40a48780d33ff6024' -> (Import Result ID: 'eb06775e71d9f613b335a2a53ab36137') in 0.005 seconds [static and dynamic dependencies]. Details - ImportResultOutputID=5cc8ea19c894ade659008e94f56ec9c7 DependenciesID=45c7792e15f20520f1ce3ef48ad233cb StaticDependenciesID=dc7460289c1a56ef775f65195422696d 
Number of updated asset objects reloaded before import = 0
Number of asset objects unloaded after import = 0
========================================================================
Received Prepare
AcceleratorClientConnectionCallback - disconnected - :0
Unloading 0 Unused Serialized files (Serialized files now loaded: 0)
Unloading 21 unused Assets / (0 B). Loaded Objects now: 747.
Memory consumption went from 169.3 MB to 169.3 MB.
Total: 7.680500 ms (FindLiveObjects: 0.051100 ms CreateObjectMapping: 0.015500 ms MarkObjects: 7.581900 ms  DeleteObjects: 0.030500 ms)

Prepare: number of updated asset objects reloaded= 0
========================================================================
Received Prepare
AcceleratorClientConnectionCallback - disconnected - :0
Begin MonoManager ReloadAssembly
[Licensing::Client] Successfully resolved entitlement details
Native extension for iOS target not found
Native extension for Android target not found
Native extension for UWP target not found
Native extension for WindowsStandalone target not found
[Package Manager] Failed to launch server process. Reason: Unity was launched with the -noUpm command-line argument
[Package Manager] Unable to send message (not connected to server process).
[Package Manager] Cannot connect to Unity Package Manager local server
ScheduleIndexationOnStartup MainProcess:False IndexOnStartup:True
Mono: successfully reloaded assembly
- Finished resetting the current domain, in  0.618 seconds
Domain Reload Profiling: 1124ms
	BeginReloadAssembly (270ms)
		DisableScriptedObjects (11ms)
		CreateAndSetChildDomain (42ms)
	RebuildCommonClasses (11ms)
	RebuildNativeTypeToScriptingClass (35ms)
	initialDomainReloadingComplete (45ms)
	LoadAllAssembliesAndSetupDomain (143ms)
		LoadAssemblies (147ms)
		AnalyzeDomain (7ms)
			TypeCache.Refresh (4ms)
	FinalizeReload (620ms)
		SetupLoadedEditorAssemblies (0ms)
			InitializePlatformSupportModulesInManaged (29ms)
			BeforeProcessingInitializeOnLoad (147ms)
			ProcessInitializeOnLoadAttributes (113ms)
			ProcessInitializeOnLoadMethodAttributes (124ms)
			AfterProcessingInitializeOnLoad (3ms)
		AwakeInstancesAfterBackupRestoration (3ms)
Unloading 0 Unused Serialized files (Serialized files now loaded: 0)
Unloading 116 unused Assets / (3.1 KB). Loaded Objects now: 747.
Memory consumption went from 163.9 MB to 163.9 MB.
Total: 6.382000 ms (FindLiveObjects: 0.087900 ms CreateObjectMapping: 0.040900 ms MarkObjects: 6.206700 ms  DeleteObjects: 0.044600 ms)

Prepare: number of updated asset objects reloaded= 0
========================================================================
Received Prepare
AcceleratorClientConnectionCallback - disconnected - :0
Begin MonoManager ReloadAssembly
Native extension for iOS target not found
Native extension for Android target not found
Native extension for UWP target not found
Native extension for WindowsStandalone target not found
[Package Manager] Failed to launch server process. Reason: Unity was launched with the -noUpm command-line argument
[Package Manager] Unable to send message (not connected to server process).
[Package Manager] Cannot connect to Unity Package Manager local server
ScheduleIndexationOnStartup MainProcess:False IndexOnStartup:True
Mono: successfully reloaded assembly
- Finished resetting the current domain, in  0.533 seconds
Domain Reload Profiling: 1002ms
	BeginReloadAssembly (252ms)
		DisableScriptedObjects (7ms)
		CreateAndSetChildDomain (39ms)
	RebuildCommonClasses (12ms)
	RebuildNativeTypeToScriptingClass (24ms)
	initialDomainReloadingComplete (46ms)
	LoadAllAssembliesAndSetupDomain (134ms)
		LoadAssemblies (147ms)
		AnalyzeDomain (7ms)
			TypeCache.Refresh (4ms)
	FinalizeReload (535ms)
		SetupLoadedEditorAssemblies (0ms)
			InitializePlatformSupportModulesInManaged (26ms)
			BeforeProcessingInitializeOnLoad (125ms)
			ProcessInitializeOnLoadAttributes (103ms)
			ProcessInitializeOnLoadMethodAttributes (100ms)
			AfterProcessingInitializeOnLoad (3ms)
		AwakeInstancesAfterBackupRestoration (4ms)
Unloading 0 Unused Serialized files (Serialized files now loaded: 0)
Unloading 116 unused Assets / (3.1 KB). Loaded Objects now: 747.
Memory consumption went from 164.6 MB to 164.6 MB.
Total: 5.867100 ms (FindLiveObjects: 0.068500 ms CreateObjectMapping: 0.039500 ms MarkObjects: 5.713200 ms  DeleteObjects: 0.044900 ms)

Prepare: number of updated asset objects reloaded= 0
========================================================================
Received Prepare
AcceleratorClientConnectionCallback - disconnected - :0
Unloading 0 Unused Serialized files (Serialized files now loaded: 0)
Unloading 0 unused Assets / (0 B). Loaded Objects now: 747.
Memory consumption went from 164.9 MB to 164.9 MB.
Total: 6.568700 ms (FindLiveObjects: 0.067800 ms CreateObjectMapping: 0.032500 ms MarkObjects: 6.448200 ms  DeleteObjects: 0.018600 ms)

Prepare: number of updated asset objects reloaded= 0
Editor requested this worker to shutdown with reason: Editor is closing down
AcceleratorClientConnectionCallback - disconnected - :0
AssetImportWorker is now disconnected from the server
Process exiting
Exiting without the bug reporter. Application will terminate with return code 0