[2026-09-29T13:55:25.812Z][INFO] Command-line: D:\\Unity\\6000.5.3f1\\Editor\\Data\\Resources\\PackageManager\\Server\\UnityPackageManager.exe server -s 5776 --ipc-path Unity-Upm-5776 -l 2 --log-file E:\\GameDev\\ITCS-4236-5236-Group-5-Project/Logs/upm.log
[2026-09-29T13:55:25.918Z][INFO] IPC server started (IPC path=Unity-Upm-5776).
[2026-09-29T13:55:25.918Z][INFO] Hint: To connect to this UPM instance, launch Unity with the command-line parameter -upmIpcPath Upm-5776.
[2026-09-29T13:55:54.431Z][INFO] project:list-packages <-- Request received
params: {}
[2026-09-29T13:55:54.453Z][INFO] project:list-packages --> 404 (23 ms)
[2026-09-29T13:55:55.701Z][INFO] project:list-packages <-- Request received
params: {}
[2026-09-29T13:55:55.702Z][INFO] project:list-packages --> 404 (2 ms)
[2026-09-29T13:55:55.716Z][INFO] config:project:get-registries <-- Request received
params: {}
[2026-09-29T13:55:55.719Z][INFO] config:project:get-registries --> 404 (3 ms)
[2026-09-29T13:55:56.054Z][INFO] project:update-dependencies <-- Request received
params: {}
[2026-09-29T13:55:56.251Z][INFO] project:update-dependencies --> 200 (197 ms)
[2026-09-29T13:55:56.286Z][INFO] project:resolve-packages <-- Request received
params: {}
[2026-09-29T13:56:13.376Z][INFO] project:resolve-packages --> 200 (17091 ms)
[2026-09-29T13:56:41.056Z][INFO] project:list-packages <-- Request received
params: {}
[2026-09-29T13:56:41.080Z][INFO] project:list-packages <-- Request received
params: {}
[2026-09-29T13:56:41.189Z][INFO] config:project:get-registries <-- Request received
params: {}
[2026-09-29T13:56:41.227Z][INFO] config:project:get-registries --> 200 (38 ms)
[2026-09-29T13:56:41.228Z][INFO] project:list-packages --> 200 (172 ms)
[2026-09-29T13:56:41.228Z][INFO] project:list-packages --> 200 (148 ms)
[2026-09-29T13:56:55.449Z][INFO] project:list-packages <-- Request received
params: {}
[2026-09-29T13:56:55.519Z][INFO] project:list-packages --> 200 (70 ms)
[2026-09-29T13:57:00.419Z][INFO] packages:get-all-packageinfo <-- Request received
params: {}
[2026-09-29T13:57:00.435Z][INFO] packages:get-all-packageinfo <-- Request received
params: {}
[2026-09-29T13:57:02.128Z][INFO] packages:get-all-packageinfo --> 200 (1693 ms)
[2026-09-29T13:57:02.330Z][INFO] packages:get-packageinfo <-- Request received
params: {
  "packageId": "com.unity.addressables@2.9.1"
}
[2026-09-29T13:57:02.366Z][INFO] packages:get-packageinfo <-- Request received
params: {
  "packageId": "com.unity.ads.ios-support@1.0.1"
}
[2026-09-29T13:57:02.367Z][INFO] packages:get-packageinfo <-- Request received
params: {
  "packageId": "com.unity.asset-manager-for-unity@1.11.0"
}
[2026-09-29T13:57:02.368Z][INFO] packages:get-packageinfo <-- Request received
params: {
  "packageId": "com.unity.collab-proxy@2.12.4"
}
[2026-09-29T13:57:02.493Z][INFO] packages:get-packageinfo <-- Request received
params: {
  "packageId": "com.unity.ide.rider@3.0.40"
}
[2026-09-29T13:57:02.494Z][INFO] packages:get-packageinfo <-- Request received
params: {
  "packageId": "com.unity.inputsystem@1.19.0"
}
[2026-09-29T13:57:02.495Z][INFO] packages:get-packageinfo <-- Request received
params: {
  "packageId": "com.unity.learn.iet-framework@5.0.4"
}
[2026-09-29T13:57:02.495Z][INFO] packages:get-packageinfo <-- Request received
params: {
  "packageId": "com.unity.learn.iet-framework.authoring@1.5.4"
}
[2026-09-29T13:57:02.496Z][INFO] packages:get-packageinfo <-- Request received
params: {
  "packageId": "com.unity.microsoft.gdk@1.6.0"
}
[2026-09-29T13:57:02.497Z][INFO] packages:get-packageinfo <-- Request received
params: {
  "packageId": "com.unity.microsoft.gdk.tools@1.6.0"
}
[2026-09-29T13:57:02.498Z][INFO] packages:get-packageinfo <-- Request received
params: {
  "packageId": "com.unity.mobile.notifications@2.4.3"
}
[2026-09-29T13:57:02.499Z][INFO] packages:get-packageinfo <-- Request received
params: {
  "packageId": "com.unity.polyspatial.extensions@3.1.5"
}
[2026-09-29T13:57:02.500Z][INFO] packages:get-packageinfo <-- Request received
params: {
  "packageId": "com.unity.polyspatial.visionos@3.1.5"
}
[2026-09-29T13:57:02.635Z][INFO] packages:get-packageinfo <-- Request received
params: {
  "packageId": "com.unity.project-auditor-rules@1.0.3"
}
[2026-09-29T13:57:02.636Z][INFO] packages:get-packageinfo <-- Request received
params: {
  "packageId": "com.unity.scriptablebuildpipeline@2.6.2"
}
[2026-09-29T13:57:02.637Z][INFO] packages:get-packageinfo <-- Request received
params: {
  "packageId": "com.unity.services.authentication@3.7.4"
}
[2026-09-29T13:57:02.638Z][INFO] packages:get-packageinfo <-- Request received
params: {
  "packageId": "com.unity.services.cloud-build@2.0.8"
}
[2026-09-29T13:57:02.639Z][INFO] packages:get-packageinfo <-- Request received
params: {
  "packageId": "com.unity.services.friends@1.1.1"
}
[2026-09-29T13:57:02.640Z][INFO] packages:get-packageinfo <-- Request received
params: {
  "packageId": "com.unity.services.moderation@1.0.2"
}
[2026-09-29T13:57:02.641Z][INFO] packages:get-packageinfo <-- Request received
params: {
  "packageId": "com.unity.services.multiplayer@2.2.4"
}
[2026-09-29T13:57:03.240Z][INFO] packages:get-packageinfo --> 200 (601 ms)
[2026-09-29T13:57:03.241Z][INFO] packages:get-packageinfo --> 200 (603 ms)
[2026-09-29T13:57:03.241Z][INFO] packages:get-packageinfo --> 200 (601 ms)
[2026-09-29T13:57:03.243Z][INFO] packages:get-packageinfo --> 200 (606 ms)
[2026-09-29T13:57:03.244Z][INFO] packages:get-packageinfo --> 200 (603 ms)
[2026-09-29T13:57:03.282Z][INFO] packages:get-packageinfo <-- Request received
params: {
  "packageId": "com.unity.test-framework.performance@3.5.0"
}
[2026-09-29T13:57:03.322Z][INFO] packages:get-packageinfo <-- Request received
params: {
  "packageId": "com.unity.xr.androidxr-openxr@1.3.2"
}
[2026-09-29T13:57:03.322Z][INFO] packages:get-packageinfo <-- Request received
params: {
  "packageId": "com.unity.xr.arcore@6.5.1"
}
[2026-09-29T13:57:03.357Z][INFO] packages:get-packageinfo <-- Request received
params: {
  "packageId": "com.unity.xr.arfoundation@6.5.1"
}
[2026-09-29T13:57:03.357Z][INFO] packages:get-packageinfo <-- Request received
params: {
  "packageId": "com.unity.xr.arkit@6.5.1"
}
[2026-09-29T13:57:03.402Z][INFO] packages:get-packageinfo --> 200 (1036 ms)
[2026-09-29T13:57:03.408Z][INFO] packages:get-packageinfo --> 200 (1040 ms)
[2026-09-29T13:57:03.449Z][INFO] packages:get-packageinfo <-- Request received
params: {
  "packageId": "com.unity.xr.compositionlayers@2.5.0"
}
[2026-09-29T13:57:03.485Z][INFO] packages:get-packageinfo <-- Request received
params: {
  "packageId": "com.unity.xr.hands@1.8.1"
}
[2026-09-29T13:57:03.559Z][INFO] packages:get-packageinfo --> 200 (1065 ms)
[2026-09-29T13:57:03.565Z][INFO] packages:get-packageinfo --> 200 (1070 ms)
[2026-09-29T13:57:03.569Z][INFO] packages:get-packageinfo --> 200 (1074 ms)
[2026-09-29T13:57:03.575Z][INFO] packages:get-packageinfo --> 200 (1207 ms)
[2026-09-29T13:57:03.580Z][INFO] packages:get-packageinfo <-- Request received
params: {
  "packageId": "com.unity.xr.interaction.toolkit@3.5.1"
}
[2026-09-29T13:57:03.612Z][INFO] packages:get-packageinfo <-- Request received
params: {
  "packageId": "com.unity.xr.management@4.5.4"
}
[2026-09-29T13:57:03.613Z][INFO] packages:get-packageinfo <-- Request received
params: {
  "packageId": "com.unity.xr.meta-openxr@2.5.1"
}
[2026-09-29T13:57:03.664Z][INFO] packages:get-packageinfo <-- Request received
params: {
  "packageId": "com.unity.xr.openxr@1.17.1"
}
[2026-09-29T13:57:03.748Z][INFO] packages:get-packageinfo --> 200 (1249 ms)
[2026-09-29T13:57:03.748Z][INFO] packages:get-packageinfo --> 200 (1251 ms)
[2026-09-29T13:57:03.751Z][INFO] packages:get-packageinfo --> 200 (1251 ms)
[2026-09-29T13:57:03.752Z][INFO] packages:get-packageinfo --> 200 (1254 ms)
[2026-09-29T13:57:03.752Z][INFO] packages:get-packageinfo --> 200 (1117 ms)
[2026-09-29T13:57:03.756Z][INFO] packages:get-packageinfo --> 200 (1262 ms)
[2026-09-29T13:57:03.773Z][INFO] packages:get-packageinfo --> 200 (1137 ms)
[2026-09-29T13:57:03.794Z][INFO] packages:get-packageinfo --> 200 (1298 ms)
[2026-09-29T13:57:03.797Z][INFO] packages:get-packageinfo <-- Request received
params: {
  "packageId": "com.unity.xr.visionos@3.1.5"
}
[2026-09-29T13:57:04.028Z][INFO] packages:get-packageinfo --> 200 (706 ms)
[2026-09-29T13:57:04.035Z][INFO] packages:get-packageinfo --> 200 (713 ms)
[2026-09-29T13:57:04.043Z][INFO] packages:get-packageinfo --> 200 (686 ms)
[2026-09-29T13:57:04.049Z][INFO] packages:get-packageinfo --> 200 (767 ms)
[2026-09-29T13:57:04.056Z][INFO] packages:get-packageinfo --> 200 (699 ms)
[2026-09-29T13:57:04.058Z][INFO] packages:get-packageinfo --> 200 (573 ms)
[2026-09-29T13:57:04.075Z][INFO] packages:get-packageinfo --> 200 (626 ms)
[2026-09-29T13:57:04.076Z][INFO] packages:get-packageinfo --> 200 (463 ms)
[2026-09-29T13:57:04.083Z][INFO] packages:get-packageinfo --> 200 (503 ms)
[2026-09-29T13:57:04.100Z][INFO] packages:get-packageinfo --> 200 (487 ms)
[2026-09-29T13:57:04.103Z][INFO] packages:get-packageinfo --> 200 (439 ms)
[2026-09-29T13:57:04.105Z][INFO] packages:get-packageinfo --> 200 (308 ms)
[2026-09-29T13:57:04.161Z][INFO] packages:get-packageinfo --> 200 (1831 ms)
[2026-09-29T13:57:04.180Z][INFO] packages:get-all-packageinfo --> 200 (3761 ms)
[2026-09-29T13:57:04.353Z][INFO] packages:get-packageinfo <-- Request received
params: {
  "packageId": "com.unity.platformtoolkit@1.1.0"
}
[2026-09-29T13:57:04.379Z][INFO] packages:get-packageinfo --> 200 (26 ms)
[2026-09-29T13:58:33.110Z][INFO] project:list-packages <-- Request received
params: {}
[2026-09-29T13:58:33.226Z][INFO] project:list-packages --> 200 (116 ms)
[2026-09-29T13:58:33.239Z][INFO] config:project:get-registries <-- Request received
params: {}
[2026-09-29T13:58:33.244Z][INFO] config:project:get-registries --> 200 (5 ms)
[2026-09-29T13:59:06.517Z][INFO] project:list-packages <-- Request received
params: {}
[2026-09-29T13:59:06.582Z][INFO] project:list-packages --> 200 (65 ms)
[2026-09-29T13:59:06.611Z][INFO] config:project:get-registries <-- Request received
params: {}
[2026-09-29T13:59:06.617Z][INFO] config:project:get-registries --> 200 (6 ms)
[2026-09-29T14:16:33.291Z][INFO] project:add-dependency <-- Request received
params: {
  "packageId": "com.unity.2d.sprite"
}
[2026-09-29T14:16:44.468Z][INFO] project:add-dependency --> 200 (11177 ms)
[2026-09-29T14:16:44.580Z][INFO] project:resolve-packages <-- Request received
params: {}
[2026-09-29T14:16:44.728Z][INFO] project:resolve-packages --> 200 (148 ms)
[2026-09-29T14:16:44.844Z][INFO] config:project:get-registries <-- Request received
params: {}
[2026-09-29T14:16:44.851Z][INFO] config:project:get-registries --> 200 (7 ms)
[2026-09-29T14:16:44.861Z][INFO] project:list-packages <-- Request received
params: {}
[2026-09-29T14:16:45.060Z][INFO] project:list-packages --> 200 (199 ms)
[2026-09-29T14:17:14.455Z][INFO] project:list-packages <-- Request received
params: {}
[2026-09-29T14:17:14.514Z][INFO] project:list-packages <-- Request received
params: {}
[2026-09-29T14:17:14.542Z][INFO] project:list-packages --> 200 (87 ms)
[2026-09-29T14:17:14.582Z][INFO] project:list-packages --> 200 (68 ms)
[2026-09-29T14:17:14.593Z][INFO] config:project:get-registries <-- Request received
params: {}
[2026-09-29T14:17:14.597Z][INFO] config:project:get-registries --> 200 (4 ms)
[2026-09-29T14:28:26.401Z][INFO] project:list-packages <-- Request received
params: {}
[2026-09-29T14:28:26.462Z][INFO] project:list-packages --> 200 (61 ms)
[2026-09-29T14:28:26.501Z][INFO] config:project:get-registries <-- Request received
params: {}
[2026-09-29T14:28:26.506Z][INFO] config:project:get-registries --> 200 (6 ms)
[2026-09-29T14:29:01.818Z][INFO] project:list-packages <-- Request received
params: {}
[2026-09-29T14:29:01.888Z][INFO] project:list-packages --> 200 (70 ms)
[2026-09-29T14:29:01.908Z][INFO] config:project:get-registries <-- Request received
params: {}
[2026-09-29T14:29:01.912Z][INFO] config:project:get-registries --> 200 (4 ms)
